Component: ARM Compiler 5.06 update 6 (build 750) Tool: armlink [4d35ed]

==============================================================================

Section Cross References

    startup_stm32f103x6.o(RESET) refers to startup_stm32f103x6.o(STACK) for __initial_sp
    startup_stm32f103x6.o(RESET) refers to startup_stm32f103x6.o(.text) for Reset_Handler
    startup_stm32f103x6.o(RESET) refers to stm32f1xx_it.o(i.NMI_Handler) for NMI_Handler
    startup_stm32f103x6.o(RESET) refers to stm32f1xx_it.o(i.HardFault_Handler) for HardFault_Handler
    startup_stm32f103x6.o(RESET) refers to stm32f1xx_it.o(i.MemManage_Handler) for MemManage_Handler
    startup_stm32f103x6.o(RESET) refers to stm32f1xx_it.o(i.BusFault_Handler) for BusFault_Handler
    startup_stm32f103x6.o(RESET) refers to stm32f1xx_it.o(i.UsageFault_Handler) for UsageFault_Handler
    startup_stm32f103x6.o(RESET) refers to port.o(.emb_text) for SVC_Handler
    startup_stm32f103x6.o(RESET) refers to stm32f1xx_it.o(i.DebugMon_Handler) for DebugMon_Handler
    startup_stm32f103x6.o(RESET) refers to port.o(i.SysTick_Handler) for SysTick_Handler
    startup_stm32f103x6.o(RESET) refers to stm32f1xx_it.o(i.TIM1_UP_IRQHandler) for TIM1_UP_IRQHandler
    startup_stm32f103x6.o(.text) refers to system_stm32f1xx.o(i.SystemInit) for SystemInit
    startup_stm32f103x6.o(.text) refers to entry.o(.ARM.Collect$$$$00000000) for __main
    w25qxx.o(i.BSP_W25Qx_Erase_Block) refers to stm32f1xx_hal.o(i.HAL_GetTick) for HAL_GetTick
    w25qxx.o(i.BSP_W25Qx_Erase_Block) refers to w25qxx.o(i.BSP_W25Qx_WriteEnable) for BSP_W25Qx_WriteEnable
    w25qxx.o(i.BSP_W25Qx_Erase_Block) refers to stm32f1xx_hal_gpio.o(i.HAL_GPIO_WritePin) for HAL_GPIO_WritePin
    w25qxx.o(i.BSP_W25Qx_Erase_Block) refers to stm32f1xx_hal_spi.o(i.HAL_SPI_Transmit) for HAL_SPI_Transmit
    w25qxx.o(i.BSP_W25Qx_Erase_Block) refers to w25qxx.o(i.BSP_W25Qx_GetStatus) for BSP_W25Qx_GetStatus
    w25qxx.o(i.BSP_W25Qx_Erase_Block) refers to spi.o(.bss) for hspi1
    w25qxx.o(i.BSP_W25Qx_Erase_Chip) refers to stm32f1xx_hal.o(i.HAL_GetTick) for HAL_GetTick
    w25qxx.o(i.BSP_W25Qx_Erase_Chip) refers to w25qxx.o(i.BSP_W25Qx_WriteEnable) for BSP_W25Qx_WriteEnable
    w25qxx.o(i.BSP_W25Qx_Erase_Chip) refers to stm32f1xx_hal_gpio.o(i.HAL_GPIO_WritePin) for HAL_GPIO_WritePin
    w25qxx.o(i.BSP_W25Qx_Erase_Chip) refers to stm32f1xx_hal_spi.o(i.HAL_SPI_Transmit) for HAL_SPI_Transmit
    w25qxx.o(i.BSP_W25Qx_Erase_Chip) refers to w25qxx.o(i.BSP_W25Qx_GetStatus) for BSP_W25Qx_GetStatus
    w25qxx.o(i.BSP_W25Qx_Erase_Chip) refers to spi.o(.bss) for hspi1
    w25qxx.o(i.BSP_W25Qx_GetStatus) refers to stm32f1xx_hal_gpio.o(i.HAL_GPIO_WritePin) for HAL_GPIO_WritePin
    w25qxx.o(i.BSP_W25Qx_GetStatus) refers to stm32f1xx_hal_spi.o(i.HAL_SPI_Transmit) for HAL_SPI_Transmit
    w25qxx.o(i.BSP_W25Qx_GetStatus) refers to stm32f1xx_hal_spi.o(i.HAL_SPI_Receive) for HAL_SPI_Receive
    w25qxx.o(i.BSP_W25Qx_GetStatus) refers to spi.o(.bss) for hspi1
    w25qxx.o(i.BSP_W25Qx_Init) refers to w25qxx.o(i.BSP_W25Qx_Reset) for BSP_W25Qx_Reset
    w25qxx.o(i.BSP_W25Qx_Init) refers to w25qxx.o(i.BSP_W25Qx_GetStatus) for BSP_W25Qx_GetStatus
    w25qxx.o(i.BSP_W25Qx_Read) refers to stm32f1xx_hal_gpio.o(i.HAL_GPIO_WritePin) for HAL_GPIO_WritePin
    w25qxx.o(i.BSP_W25Qx_Read) refers to stm32f1xx_hal_spi.o(i.HAL_SPI_Transmit) for HAL_SPI_Transmit
    w25qxx.o(i.BSP_W25Qx_Read) refers to stm32f1xx_hal_spi.o(i.HAL_SPI_Receive) for HAL_SPI_Receive
    w25qxx.o(i.BSP_W25Qx_Read) refers to spi.o(.bss) for hspi1
    w25qxx.o(i.BSP_W25Qx_Read_ID) refers to stm32f1xx_hal_gpio.o(i.HAL_GPIO_WritePin) for HAL_GPIO_WritePin
    w25qxx.o(i.BSP_W25Qx_Read_ID) refers to stm32f1xx_hal_spi.o(i.HAL_SPI_Transmit) for HAL_SPI_Transmit
    w25qxx.o(i.BSP_W25Qx_Read_ID) refers to stm32f1xx_hal_spi.o(i.HAL_SPI_Receive) for HAL_SPI_Receive
    w25qxx.o(i.BSP_W25Qx_Read_ID) refers to spi.o(.bss) for hspi1
    w25qxx.o(i.BSP_W25Qx_Reset) refers to stm32f1xx_hal_gpio.o(i.HAL_GPIO_WritePin) for HAL_GPIO_WritePin
    w25qxx.o(i.BSP_W25Qx_Reset) refers to stm32f1xx_hal_spi.o(i.HAL_SPI_Transmit) for HAL_SPI_Transmit
    w25qxx.o(i.BSP_W25Qx_Reset) refers to spi.o(.bss) for hspi1
    w25qxx.o(i.BSP_W25Qx_Write) refers to stm32f1xx_hal.o(i.HAL_GetTick) for HAL_GetTick
    w25qxx.o(i.BSP_W25Qx_Write) refers to w25qxx.o(i.BSP_W25Qx_WriteEnable) for BSP_W25Qx_WriteEnable
    w25qxx.o(i.BSP_W25Qx_Write) refers to stm32f1xx_hal_gpio.o(i.HAL_GPIO_WritePin) for HAL_GPIO_WritePin
    w25qxx.o(i.BSP_W25Qx_Write) refers to stm32f1xx_hal_spi.o(i.HAL_SPI_Transmit) for HAL_SPI_Transmit
    w25qxx.o(i.BSP_W25Qx_Write) refers to w25qxx.o(i.BSP_W25Qx_GetStatus) for BSP_W25Qx_GetStatus
    w25qxx.o(i.BSP_W25Qx_Write) refers to spi.o(.bss) for hspi1
    w25qxx.o(i.BSP_W25Qx_WriteEnable) refers to stm32f1xx_hal.o(i.HAL_GetTick) for HAL_GetTick
    w25qxx.o(i.BSP_W25Qx_WriteEnable) refers to stm32f1xx_hal_gpio.o(i.HAL_GPIO_WritePin) for HAL_GPIO_WritePin
[...]
    ..\Drivers\STM32F1xx_HAL_Driver\Src\stm32f1xx_hal_flash.c 0x00000000   Number         0  stm32f1xx_hal_flash.o ABSOLUTE
    ..\Drivers\STM32F1xx_HAL_Driver\Src\stm32f1xx_hal_flash_ex.c 0x00000000   Number         0  stm32f1xx_hal_flash_ex.o ABSOLUTE
    ..\Drivers\STM32F1xx_HAL_Driver\Src\stm32f1xx_hal_gpio.c 0x00000000   Number         0  stm32f1xx_hal_gpio.o ABSOLUTE
    ..\Drivers\STM32F1xx_HAL_Driver\Src\stm32f1xx_hal_gpio_ex.c 0x00000000   Number         0  stm32f1xx_hal_gpio_ex.o ABSOLUTE
    ..\Drivers\STM32F1xx_HAL_Driver\Src\stm32f1xx_hal_pwr.c 0x00000000   Number         0  stm32f1xx_hal_pwr.o ABSOLUTE
    ..\Drivers\STM32F1xx_HAL_Driver\Src\stm32f1xx_hal_rcc.c 0x00000000   Number         0  stm32f1xx_hal_rcc.o ABSOLUTE
    ..\Drivers\STM32F1xx_HAL_Driver\Src\stm32f1xx_hal_rcc_ex.c 0x00000000   Number         0  stm32f1xx_hal_rcc_ex.o ABSOLUTE
    ..\Drivers\STM32F1xx_HAL_Driver\Src\stm32f1xx_hal_spi.c 0x00000000   Number         0  stm32f1xx_hal_spi.o ABSOLUTE
    ..\Drivers\STM32F1xx_HAL_Driver\Src\stm32f1xx_hal_tim.c 0x00000000   Number         0  stm32f1xx_hal_tim.o ABSOLUTE
    ..\Drivers\STM32F1xx_HAL_Driver\Src\stm32f1xx_hal_tim_ex.c 0x00000000   Number         0  stm32f1xx_hal_tim_ex.o ABSOLUTE
    ..\Drivers\STM32F1xx_HAL_Driver\Src\stm32f1xx_hal_uart.c 0x00000000   Number         0  stm32f1xx_hal_uart.o ABSOLUTE
    ..\Middlewares\Third_Party\FreeRTOS\Source\CMSIS_RTOS\cmsis_os.c 0x00000000   Number         0  cmsis_os.o ABSOLUTE
    ..\Middlewares\Third_Party\FreeRTOS\Source\portable\RVDS\ARM_CM3\port.c 0x00000000   Number         0  port.o ABSOLUTE
    ..\Middlewares\Third_Party\RTT\SEGGER_RTT.c 0x00000000   Number         0  segger_rtt.o ABSOLUTE
    ..\Middlewares\Third_Party\RTT\SEGGER_RTT_printf.c 0x00000000   Number         0  segger_rtt_printf.o ABSOLUTE
    ..\Middlewares\Third_Party\SFUD\sfud\port\sfud_port.c 0x00000000   Number         0  sfud_port.o ABSOLUTE
    ..\Middlewares\Third_Party\SFUD\sfud\src\sfud.c 0x00000000   Number         0  sfud.o ABSOLUTE
    ..\Middlewares\Third_Party\SFUD\sfud\src\sfud_sfdp.c 0x00000000   Number         0  sfud_sfdp.o ABSOLUTE
    ..\\Core\\Src\\W25Qxx.c                  0x00000000   Number         0  w25qxx.o ABSOLUTE
    ..\\Middlewares\\Third_Party\\SFUD\\sfud\\port\\sfud_port.c 0x00000000   Number         0  sfud_port.o ABSOLUTE
    cdrcmple.s                               0x00000000   Number         0  cdrcmple.o ABSOLUTE
    dc.s                                     0x00000000   Number         0  dc.o ABSOLUTE
    handlers.s                               0x00000000   Number         0  handlers.o ABSOLUTE
    init.s                                   0x00000000   Number         0  init.o ABSOLUTE
    startup_stm32f103x6.s                    0x00000000   Number         0  startup_stm32f103x6.o ABSOLUTE
    RESET                                    0x08000000   Section      236  startup_stm32f103x6.o(RESET)
    .ARM.Collect$$$$00000000                 0x080000ec   Section        0  entry.o(.ARM.Collect$$$$00000000)
    .ARM.Collect$$$$00000001                 0x080000ec   Section        4  entry2.o(.ARM.Collect$$$$00000001)
    .ARM.Collect$$$$00000004                 0x080000f0   Section        4  entry5.o(.ARM.Collect$$$$00000004)
    .ARM.Collect$$$$00000008                 0x080000f4   Section        0  entry7b.o(.ARM.Collect$$$$00000008)
    .ARM.Collect$$$$0000000A                 0x080000f4   Section        0  entry8b.o(.ARM.Collect$$$$0000000A)
    .ARM.Collect$$$$0000000B                 0x080000f4   Section        8  entry9a.o(.ARM.Collect$$$$0000000B)
    .ARM.Collect$$$$0000000D                 0x080000fc   Section        0  entry10a.o(.ARM.Collect$$$$0000000D)
    .ARM.Collect$$$$0000000F                 0x080000fc   Section        0  entry11a.o(.ARM.Collect$$$$0000000F)
    .ARM.Collect$$$$00002712                 0x080000fc   Section        4  entry2.o(.ARM.Collect$$$$00002712)
    __lit__00000000                          0x080000fc   Data           4  entry2.o(.ARM.Collect$$$$00002712)
    .emb_text                                0x08000100   Section      150  port.o(.emb_text)
    .text                                    0x08000198   Section       36  startup_stm32f103x6.o(.text)
    .text                                    0x080001bc   Section        0  llushr.o(.text)
    .text                                    0x080001dc   Section        0  memcpya.o(.text)
    .text                                    0x08000200   Section        0  memseta.o(.text)
    .text                                    0x08000224   Section        0  strcpy.o(.text)
    .text                                    0x08000236   Section        0  uidiv.o(.text)
    .text                                    0x08000262   Section        0  uldiv.o(.text)
    .text                                    0x080002c4   Section        0  dadd.o(.text)
    .text                                    0x080002c4   Section        0  iusefp.o(.text)
    .text                                    0x08000412   Section        0  dmul.o(.text)
    .text                                    0x080004f6   Section        0  ddiv.o(.text)
    .text                                    0x080005d4   Section        0  dfixul.o(.text)
    .text                                    0x08000604   Section       48  cdrcmple.o(.text)
    .text                                    0x08000634   Section       36  init.o(.text)
    .text                                    0x08000658   Section        0  llshl.o(.text)
    .text                                    0x08000676   Section        0  llsshr.o(.text)
    .text                                    0x0800069a   Section        0  depilogue.o(.text)
    i.BusFault_Handler                       0x08000754   Section        0  stm32f1xx_it.o(i.BusFault_Handler)
    i.Callback01                             0x08000758   Section        0  freertos.o(i.Callback01)
    i.DebugMon_Handler                       0x08000798   Section        0  stm32f1xx_it.o(i.DebugMon_Handler)
    i.Error_Handler                          0x0800079a   Section        0  main.o(i.Error_Handler)
    i.HAL_GPIO_Init                          0x080007a0   Section        0  stm32f1xx_hal_gpio.o(i.HAL_GPIO_Init)
    i.HAL_GPIO_TogglePin                     0x08000980   Section        0  stm32f1xx_hal_gpio.o(i.HAL_GPIO_TogglePin)
    i.HAL_GPIO_WritePin                      0x08000990   Section        0  stm32f1xx_hal_gpio.o(i.HAL_GPIO_WritePin)
    i.HAL_GetTick                            0x080009a0   Section        0  stm32f1xx_hal.o(i.HAL_GetTick)
    i.HAL_IncTick                            0x080009ac   Section        0  stm32f1xx_hal.o(i.HAL_IncTick)
    i.HAL_Init                               0x080009bc   Section        0  stm32f1xx_hal.o(i.HAL_Init)
    i.HAL_InitTick                           0x080009e0   Section        0  stm32f1xx_hal_timebase_tim.o(i.HAL_InitTick)
    i.HAL_MspInit                            0x08000a6c   Section        0  stm32f1xx_hal_msp.o(i.HAL_MspInit)
    i.HAL_NVIC_EnableIRQ                     0x08000ab4   Section        0  stm32f1xx_hal_cortex.o(i.HAL_NVIC_EnableIRQ)
    i.HAL_NVIC_SetPriority                   0x08000ad0   Section        0  stm32f1xx_hal_cortex.o(i.HAL_NVIC_SetPriority)
    i.HAL_NVIC_SetPriorityGrouping           0x08000b10   Section        0  stm32f1xx_hal_cortex.o(i.HAL_NVIC_SetPriorityGrouping)
    i.HAL_RCC_ClockConfig                    0x08000b34   Section        0  stm32f1xx_hal_rcc.o(i.HAL_RCC_ClockConfig)
    i.HAL_RCC_GetClockConfig                 0x08000c88   Section        0  stm32f1xx_hal_rcc.o(i.HAL_RCC_GetClockConfig)
    i.HAL_RCC_GetHCLKFreq                    0x08000cc4   Section        0  stm32f1xx_hal_rcc.o(i.HAL_RCC_GetHCLKFreq)
    i.HAL_RCC_GetPCLK1Freq                   0x08000cd0   Section        0  stm32f1xx_hal_rcc.o(i.HAL_RCC_GetPCLK1Freq)
    i.HAL_RCC_GetPCLK2Freq                   0x08000cf0   Section        0  stm32f1xx_hal_rcc.o(i.HAL_RCC_GetPCLK2Freq)
    i.HAL_RCC_GetSysClockFreq                0x08000d10   Section        0  stm32f1xx_hal_rcc.o(i.HAL_RCC_GetSysClockFreq)
    i.HAL_RCC_OscConfig                      0x08000d5c   Section        0  stm32f1xx_hal_rcc.o(i.HAL_RCC_OscConfig)
    i.HAL_SPI_Init                           0x080010e0   Section        0  stm32f1xx_hal_spi.o(i.HAL_SPI_Init)
    i.HAL_SPI_MspInit                        0x08001194   Section        0  spi.o(i.HAL_SPI_MspInit)
    i.HAL_TIMEx_BreakCallback                0x08001204   Section        0  stm32f1xx_hal_tim_ex.o(i.HAL_TIMEx_BreakCallback)
    i.HAL_TIMEx_CommutCallback               0x08001206   Section        0  stm32f1xx_hal_tim_ex.o(i.HAL_TIMEx_CommutCallback)
    i.HAL_TIM_Base_Init                      0x08001208   Section        0  stm32f1xx_hal_tim.o(i.HAL_TIM_Base_Init)
    i.HAL_TIM_Base_MspInit                   0x08001252   Section        0  stm32f1xx_hal_tim.o(i.HAL_TIM_Base_MspInit)
    i.HAL_TIM_Base_Start_IT                  0x08001254   Section        0  stm32f1xx_hal_tim.o(i.HAL_TIM_Base_Start_IT)
    i.HAL_TIM_IC_CaptureCallback             0x080012ac   Section        0  stm32f1xx_hal_tim.o(i.HAL_TIM_IC_CaptureCallback)
    i.HAL_TIM_IRQHandler                     0x080012ae   Section        0  stm32f1xx_hal_tim.o(i.HAL_TIM_IRQHandler)
    i.HAL_TIM_OC_DelayElapsedCallback        0x080013e6   Section        0  stm32f1xx_hal_tim.o(i.HAL_TIM_OC_DelayElapsedCallback)
    i.HAL_TIM_PWM_PulseFinishedCallback      0x080013e8   Section        0  stm32f1xx_hal_tim.o(i.HAL_TIM_PWM_PulseFinishedCallback)
    i.HAL_TIM_PeriodElapsedCallback          0x080013ec   Section        0  main.o(i.HAL_TIM_PeriodElapsedCallback)
    i.HAL_TIM_TriggerCallback                0x08001400   Section        0  stm32f1xx_hal_tim.o(i.HAL_TIM_TriggerCallback)
    i.HAL_UART_Init                          0x08001402   Section        0  stm32f1xx_hal_uart.o(i.HAL_UART_Init)
    i.HAL_UART_MspInit                       0x08001468   Section        0  usart.o(i.HAL_UART_MspInit)
    i.HAL_UART_Transmit                      0x080014d8   Section        0  stm32f1xx_hal_uart.o(i.HAL_UART_Transmit)
    i.HardFault_Handler                      0x08001586   Section        0  stm32f1xx_it.o(i.HardFault_Handler)
    i.MX_FREERTOS_Init                       0x08001588   Section        0  freertos.o(i.MX_FREERTOS_Init)
    i.MX_GPIO_Init                           0x08001604   Section        0  gpio.o(i.MX_GPIO_Init)
    i.MX_SPI1_Init                           0x08001698   Section        0  spi.o(i.MX_SPI1_Init)
    i.MX_USART1_UART_Init                    0x080016e0   Section        0  usart.o(i.MX_USART1_UART_Init)
    i.MemManage_Handler                      0x08001718   Section        0  stm32f1xx_it.o(i.MemManage_Handler)
    i.NMI_Handler                            0x0800171a   Section        0  stm32f1xx_it.o(i.NMI_Handler)
    i.RCC_Delay                              0x0800171c   Section        0  stm32f1xx_hal_rcc.o(i.RCC_Delay)
    RCC_Delay                                0x0800171d   Thumb Code    30  stm32f1xx_hal_rcc.o(i.RCC_Delay)
    i.SEGGER_RTT_Init                        0x08001740   Section        0  segger_rtt.o(i.SEGGER_RTT_Init)
    i.SEGGER_RTT_Write                       0x08001744   Section        0  segger_rtt.o(i.SEGGER_RTT_Write)
    i.SEGGER_RTT_WriteNoLock                 0x0800177c   Section        0  segger_rtt.o(i.SEGGER_RTT_WriteNoLock)
    i.SEGGER_RTT_printf                      0x080017e8   Section        0  segger_rtt_printf.o(i.SEGGER_RTT_printf)
    i.SEGGER_RTT_vprintf                     0x080017fe   Section        0  segger_rtt_printf.o(i.SEGGER_RTT_vprintf)
    i.StartDefaultTask                       0x0800199e   Section        0  freertos.o(i.StartDefaultTask)
    i.StartTaskLED                           0x080019a8   Section        0  freertos.o(i.StartTaskLED)
    i.SysTick_Handler                        0x08001a4c   Section        0  port.o(i.SysTick_Handler)
    i.SystemClock_Config                     0x08001a78   Section        0  main.o(i.SystemClock_Config)
    i.SystemInit                             0x08001ad6   Section        0  system_stm32f1xx.o(i.SystemInit)
    i.TIM1_UP_IRQHandler                     0x08001ad8   Section        0  stm32f1xx_it.o(i.TIM1_UP_IRQHandler)
    i.TIM_Base_SetConfig                     0x08001ae4   Section        0  stm32f1xx_hal_tim.o(i.TIM_Base_SetConfig)
    i.UART_EndRxTransfer                     0x08001b50   Section        0  stm32f1xx_hal_uart.o(i.UART_EndRxTransfer)
    UART_EndRxTransfer                       0x08001b51   Thumb Code    78  stm32f1xx_hal_uart.o(i.UART_EndRxTransfer)
    i.UART_SetConfig                         0x08001ba0   Section        0  stm32f1xx_hal_uart.o(i.UART_SetConfig)
    UART_SetConfig                           0x08001ba1   Thumb Code   178  stm32f1xx_hal_uart.o(i.UART_SetConfig)
    i.UART_WaitOnFlagUntilTimeout            0x08001c58   Section        0  stm32f1xx_hal_uart.o(i.UART_WaitOnFlagUntilTimeout)
    UART_WaitOnFlagUntilTimeout              0x08001c59   Thumb Code   116  stm32f1xx_hal_uart.o(i.UART_WaitOnFlagUntilTimeout)
    i.UsageFault_Handler                     0x08001ccc   Section        0  stm32f1xx_it.o(i.UsageFault_Handler)
    i._DoInit                                0x08001cd0   Section        0  segger_rtt.o(i._DoInit)
    _DoInit                                  0x08001cd1   Thumb Code    76  segger_rtt.o(i._DoInit)
    i._GetAvailWriteSpace                    0x08001d38   Section        0  segger_rtt.o(i._GetAvailWriteSpace)
    _GetAvailWriteSpace                      0x08001d39   Thumb Code    24  segger_rtt.o(i._GetAvailWriteSpace)
    i._PrintInt                              0x08001d50   Section        0  segger_rtt_printf.o(i._PrintInt)
    _PrintInt                                0x08001d51   Thumb Code   216  segger_rtt_printf.o(i._PrintInt)
    i._PrintUnsigned                         0x08001e28   Section        0  segger_rtt_printf.o(i._PrintUnsigned)
    _PrintUnsigned                           0x08001e29   Thumb Code   210  segger_rtt_printf.o(i._PrintUnsigned)
    i._StoreChar                             0x08001f00   Section        0  segger_rtt_printf.o(i._StoreChar)
    _StoreChar                               0x08001f01   Thumb Code    62  segger_rtt_printf.o(i._StoreChar)
    i._WriteBlocking                         0x08001f3e   Section        0  segger_rtt.o(i._WriteBlocking)
    _WriteBlocking                           0x08001f3f   Thumb Code    92  segger_rtt.o(i._WriteBlocking)
    i._WriteNoCheck                          0x08001f9a   Section        0  segger_rtt.o(i._WriteNoCheck)
    _WriteNoCheck                            0x08001f9b   Thumb Code    68  segger_rtt.o(i._WriteNoCheck)
    i.__0printf                              0x08001fe0   Section        0  printfa.o(i.__0printf)
    i.__0sprintf                             0x08002000   Section        0  printfa.o(i.__0sprintf)
    i.__NVIC_SetPriority                     0x08002028   Section        0  stm32f1xx_hal_cortex.o(i.__NVIC_SetPriority)
    __NVIC_SetPriority                       0x08002029   Thumb Code    32  stm32f1xx_hal_cortex.o(i.__NVIC_SetPriority)
    i.__scatterload_copy                     0x08002048   Section       14  handlers.o(i.__scatterload_copy)
    i.__scatterload_null                     0x08002056   Section        2  handlers.o(i.__scatterload_null)
    i.__scatterload_zeroinit                 0x08002058   Section       14  handlers.o(i.__scatterload_zeroinit)
    i._fp_digits                             0x08002068   Section        0  printfa.o(i._fp_digits)
    _fp_digits                               0x08002069   Thumb Code   366  printfa.o(i._fp_digits)
    i._printf_core                           0x080021ec   Section        0  printfa.o(i._printf_core)
    _printf_core                             0x080021ed   Thumb Code  1744  printfa.o(i._printf_core)
    i._printf_post_padding                   0x080028c8   Section        0  printfa.o(i._printf_post_padding)
    _printf_post_padding                     0x080028c9   Thumb Code    36  printfa.o(i._printf_post_padding)
    i._printf_pre_padding                    0x080028ec   Section        0  printfa.o(i._printf_pre_padding)
    _printf_pre_padding                      0x080028ed   Thumb Code    46  printfa.o(i._printf_pre_padding)
    i._sputc                                 0x0800291a   Section        0  printfa.o(i._sputc)
    _sputc                                   0x0800291b   Thumb Code    10  printfa.o(i._sputc)
    i.fputc                                  0x08002924   Section        0  usart.o(i.fputc)
    i.inHandlerMode                          0x0800293c   Section        0  cmsis_os.o(i.inHandlerMode)
    inHandlerMode                            0x0800293d   Thumb Code    16  cmsis_os.o(i.inHandlerMode)
    i.main                                   0x0800294c   Section        0  main.o(i.main)
    i.makeFreeRtosPriority                   0x0800298c   Section        0  cmsis_os.o(i.makeFreeRtosPriority)
    makeFreeRtosPriority                     0x0800298d   Thumb Code    12  cmsis_os.o(i.makeFreeRtosPriority)
    i.osDelay                                0x08002998   Section        0  cmsis_os.o(i.osDelay)
    i.osKernelStart                          0x080029a8   Section        0  cmsis_os.o(i.osKernelStart)
    i.osThreadCreate                         0x080029b2   Section        0  cmsis_os.o(i.osThreadCreate)
    i.osTimerCreate                          0x08002a0c   Section        0  cmsis_os.o(i.osTimerCreate)
    i.osTimerStart                           0x08002a48   Section        0  cmsis_os.o(i.osTimerStart)
    i.printTask                              0x08002aac   Section        0  freertos.o(i.printTask)
    i.prvAddCurrentTaskToDelayedList         0x08002af4   Section        0  tasks.o(i.prvAddCurrentTaskToDelayedList)
    prvAddCurrentTaskToDelayedList           0x08002af5   Thumb Code   104  tasks.o(i.prvAddCurrentTaskToDelayedList)
    i.prvAddNewTaskToReadyList               0x08002b64   Section        0  tasks.o(i.prvAddNewTaskToReadyList)
    prvAddNewTaskToReadyList                 0x08002b65   Thumb Code   124  tasks.o(i.prvAddNewTaskToReadyList)
    i.prvCheckForValidListAndQueue           0x08002bec   Section        0  timers.o(i.prvCheckForValidListAndQueue)
    prvCheckForValidListAndQueue             0x08002bed   Thumb Code    72  timers.o(i.prvCheckForValidListAndQueue)
    i.prvCheckTasksWaitingTermination        0x08002c44   Section        0  tasks.o(i.prvCheckTasksWaitingTermination)
    prvCheckTasksWaitingTermination          0x08002c45   Thumb Code    52  tasks.o(i.prvCheckTasksWaitingTermination)
    i.prvCopyDataFromQueue                   0x08002c80   Section        0  queue.o(i.prvCopyDataFromQueue)
    prvCopyDataFromQueue                     0x08002c81   Thumb Code    40  queue.o(i.prvCopyDataFromQueue)
    i.prvCopyDataToQueue                     0x08002ca8   Section        0  queue.o(i.prvCopyDataToQueue)
    prvCopyDataToQueue                       0x08002ca9   Thumb Code   110  queue.o(i.prvCopyDataToQueue)
    i.prvDeleteTCB                           0x08002d16   Section        0  tasks.o(i.prvDeleteTCB)
    prvDeleteTCB                             0x08002d17   Thumb Code    64  tasks.o(i.prvDeleteTCB)
    i.prvGetNextExpireTime                   0x08002d58   Section        0  timers.o(i.prvGetNextExpireTime)
    prvGetNextExpireTime                     0x08002d59   Thumb Code    30  timers.o(i.prvGetNextExpireTime)
    i.prvHeapInit                            0x08002d7c   Section        0  heap_4.o(i.prvHeapInit)
    prvHeapInit                              0x08002d7d   Thumb Code    68  heap_4.o(i.prvHeapInit)
    i.prvIdleTask                            0x08002dc8   Section        0  tasks.o(i.prvIdleTask)
    prvIdleTask                              0x08002dc9   Thumb Code    30  tasks.o(i.prvIdleTask)
    i.prvInitialiseNewQueue                  0x08002df0   Section        0  queue.o(i.prvInitialiseNewQueue)
    prvInitialiseNewQueue                    0x08002df1   Thumb Code    24  queue.o(i.prvInitialiseNewQueue)
    i.prvInitialiseNewTask                   0x08002e08   Section        0  tasks.o(i.prvInitialiseNewTask)
    prvInitialiseNewTask                     0x08002e09   Thumb Code   148  tasks.o(i.prvInitialiseNewTask)
    i.prvInitialiseNewTimer                  0x08002e9c   Section        0  timers.o(i.prvInitialiseNewTimer)
    prvInitialiseNewTimer                    0x08002e9d   Thumb Code    80  timers.o(i.prvInitialiseNewTimer)
    i.prvInitialiseTaskLists                 0x08002eec   Section        0  tasks.o(i.prvInitialiseTaskLists)
    prvInitialiseTaskLists                   0x08002eed   Thumb Code    78  tasks.o(i.prvInitialiseTaskLists)
    i.prvInsertBlockIntoFreeList             0x08002f44   Section        0  heap_4.o(i.prvInsertBlockIntoFreeList)
    prvInsertBlockIntoFreeList               0x08002f45   Thumb Code    78  heap_4.o(i.prvInsertBlockIntoFreeList)
    i.prvInsertTimerInActiveList             0x08002f98   Section        0  timers.o(i.prvInsertTimerInActiveList)
    prvInsertTimerInActiveList               0x08002f99   Thumb Code    60  timers.o(i.prvInsertTimerInActiveList)
    i.prvIsQueueEmpty                        0x08002fd8   Section        0  queue.o(i.prvIsQueueEmpty)
    prvIsQueueEmpty                          0x08002fd9   Thumb Code    26  queue.o(i.prvIsQueueEmpty)
    i.prvIsQueueFull                         0x08002ff2   Section        0  queue.o(i.prvIsQueueFull)
    prvIsQueueFull                           0x08002ff3   Thumb Code    30  queue.o(i.prvIsQueueFull)
    i.prvProcessExpiredTimer                 0x08003010   Section        0  timers.o(i.prvProcessExpiredTimer)
    prvProcessExpiredTimer                   0x08003011   Thumb Code    98  timers.o(i.prvProcessExpiredTimer)
    i.prvProcessReceivedCommands             0x08003078   Section        0  timers.o(i.prvProcessReceivedCommands)
    prvProcessReceivedCommands               0x08003079   Thumb Code   234  timers.o(i.prvProcessReceivedCommands)
    i.prvProcessTimerOrBlockTask             0x08003168   Section        0  timers.o(i.prvProcessTimerOrBlockTask)
    prvProcessTimerOrBlockTask               0x08003169   Thumb Code   100  timers.o(i.prvProcessTimerOrBlockTask)
    i.prvResetNextTaskUnblockTime            0x080031d4   Section        0  tasks.o(i.prvResetNextTaskUnblockTime)
    prvResetNextTaskUnblockTime              0x080031d5   Thumb Code    30  tasks.o(i.prvResetNextTaskUnblockTime)
    i.prvSampleTimeNow                       0x080031f8   Section        0  timers.o(i.prvSampleTimeNow)
    prvSampleTimeNow                         0x080031f9   Thumb Code    38  timers.o(i.prvSampleTimeNow)
    i.prvSwitchTimerLists                    0x08003224   Section        0  timers.o(i.prvSwitchTimerLists)
    prvSwitchTimerLists                      0x08003225   Thumb Code   106  timers.o(i.prvSwitchTimerLists)
    i.prvTaskExitError                       0x08003294   Section        0  port.o(i.prvTaskExitError)
    prvTaskExitError                         0x08003295   Thumb Code    40  port.o(i.prvTaskExitError)
    i.prvTimerTask                           0x080032c0   Section        0  timers.o(i.prvTimerTask)
    prvTimerTask                             0x080032c1   Thumb Code    20  timers.o(i.prvTimerTask)
    i.prvUnlockQueue                         0x080032d4   Section        0  queue.o(i.prvUnlockQueue)
    prvUnlockQueue                           0x080032d5   Thumb Code   106  queue.o(i.prvUnlockQueue)
    i.pvPortMalloc                           0x08003340   Section        0  heap_4.o(i.pvPortMalloc)
    i.pxPortInitialiseStack                  0x0800341c   Section        0  port.o(i.pxPortInitialiseStack)
    i.uxListRemove                           0x08003438   Section        0  list.o(i.uxListRemove)
    i.vApplicationGetIdleTaskMemory          0x08003460   Section        0  freertos.o(i.vApplicationGetIdleTaskMemory)
    i.vApplicationGetTimerTaskMemory         0x08003474   Section        0  freertos.o(i.vApplicationGetTimerTaskMemory)
    i.vListInitialise                        0x0800348c   Section        0  list.o(i.vListInitialise)
    i.vListInitialiseItem                    0x080034a2   Section        0  list.o(i.vListInitialiseItem)
    i.vListInsert                            0x080034a8   Section        0  list.o(i.vListInsert)
    i.vListInsertEnd                         0x080034d8   Section        0  list.o(i.vListInsertEnd)
    i.vPortEnterCritical                     0x080034f0   Section        0  port.o(i.vPortEnterCritical)
    i.vPortExitCritical                      0x08003530   Section        0  port.o(i.vPortExitCritical)
    i.vPortFree                              0x0800355c   Section        0  heap_4.o(i.vPortFree)
    i.vPortSetupTimerInterrupt               0x080035c0   Section        0  port.o(i.vPortSetupTimerInterrupt)
    i.vPortValidateInterruptPriority         0x080035e4   Section        0  port.o(i.vPortValidateInterruptPriority)
    i.vQueueAddToRegistry                    0x08003638   Section        0  queue.o(i.vQueueAddToRegistry)
    i.vQueueWaitForMessageRestricted         0x0800365c   Section        0  queue.o(i.vQueueWaitForMessageRestricted)
    i.vTaskDelay                             0x080036a4   Section        0  tasks.o(i.vTaskDelay)
    i.vTaskInternalSetTimeOutState           0x080036f4   Section        0  tasks.o(i.vTaskInternalSetTimeOutState)
    i.vTaskMissedYield                       0x08003704   Section        0  tasks.o(i.vTaskMissedYield)
    i.vTaskPlaceOnEventList                  0x08003710   Section        0  tasks.o(i.vTaskPlaceOnEventList)
    i.vTaskPlaceOnEventListRestricted        0x08003744   Section        0  tasks.o(i.vTaskPlaceOnEventListRestricted)
    i.vTaskStartScheduler                    0x08003780   Section        0  tasks.o(i.vTaskStartScheduler)
    i.vTaskSuspendAll                        0x08003810   Section        0  tasks.o(i.vTaskSuspendAll)
    i.vTaskSwitchContext                     0x08003820   Section        0  tasks.o(i.vTaskSwitchContext)
    i.xPortStartScheduler                    0x08003880   Section        0  port.o(i.xPortStartScheduler)
    i.xQueueGenericCreate                    0x08003928   Section        0  queue.o(i.xQueueGenericCreate)
    i.xQueueGenericCreateStatic              0x0800396c   Section        0  queue.o(i.xQueueGenericCreateStatic)
    i.xQueueGenericReset                     0x080039d8   Section        0  queue.o(i.xQueueGenericReset)
    i.xQueueGenericSend                      0x08003a64   Section        0  queue.o(i.xQueueGenericSend)
    i.xQueueGenericSendFromISR               0x08003bc8   Section        0  queue.o(i.xQueueGenericSendFromISR)
    i.xQueueReceive                          0x08003c88   Section        0  queue.o(i.xQueueReceive)
    i.xTaskCheckForTimeOut                   0x08003dc4   Section        0  tasks.o(i.xTaskCheckForTimeOut)
    i.xTaskCreate                            0x08003e40   Section        0  tasks.o(i.xTaskCreate)
    i.xTaskCreateStatic                      0x08003ea4   Section        0  tasks.o(i.xTaskCreateStatic)
    i.xTaskGetSchedulerState                 0x08003f00   Section        0  tasks.o(i.xTaskGetSchedulerState)
    i.xTaskGetTickCount                      0x08003f1c   Section        0  tasks.o(i.xTaskGetTickCount)
    i.xTaskIncrementTick                     0x08003f28   Section        0  tasks.o(i.xTaskIncrementTick)
    i.xTaskPriorityDisinherit                0x08003ff8   Section        0  tasks.o(i.xTaskPriorityDisinherit)
    i.xTaskRemoveFromEventList               0x08004090   Section        0  tasks.o(i.xTaskRemoveFromEventList)
    i.xTaskResumeAll                         0x0800410c   Section        0  tasks.o(i.xTaskResumeAll)
    i.xTimerCreate                           0x080041d8   Section        0  timers.o(i.xTimerCreate)
    i.xTimerCreateStatic                     0x0800420c   Section        0  timers.o(i.xTimerCreateStatic)
    i.xTimerCreateTimerTask                  0x08004240   Section        0  timers.o(i.xTimerCreateTimerTask)
    i.xTimerGenericCommand                   0x080042a8   Section        0  timers.o(i.xTimerGenericCommand)
    .constdata                               0x08004310   Section       92  freertos.o(.constdata)
    .constdata                               0x0800436c   Section       18  stm32f1xx_hal_rcc.o(.constdata)
    aPredivFactorTable                       0x0800436c   Data           2  stm32f1xx_hal_rcc.o(.constdata)
    aPLLMULFactorTable                       0x0800436e   Data          16  stm32f1xx_hal_rcc.o(.constdata)
    .constdata                               0x0800437e   Section       16  system_stm32f1xx.o(.constdata)
    .constdata                               0x0800438e   Section        8  system_stm32f1xx.o(.constdata)
    .constdata                               0x08004396   Section       16  segger_rtt_printf.o(.constdata)
    _aV2C                                    0x08004396   Data          16  segger_rtt_printf.o(.constdata)
    .conststring                             0x080043a8   Section       36  freertos.o(.conststring)
    .data                                    0x20000000   Section       20  freertos.o(.data)
    .data                                    0x20000014   Section       12  stm32f1xx_hal.o(.data)
    .data                                    0x20000020   Section        4  system_stm32f1xx.o(.data)
    .data                                    0x20000024   Section       60  tasks.o(.data)
    uxDeletedTasksWaitingCleanUp             0x20000028   Data           4  tasks.o(.data)
    uxCurrentNumberOfTasks                   0x2000002c   Data           4  tasks.o(.data)
    xTickCount                               0x20000030   Data           4  tasks.o(.data)
    uxTopReadyPriority                       0x20000034   Data           4  tasks.o(.data)
    xSchedulerRunning                        0x20000038   Data           4  tasks.o(.data)
    xPendedTicks                             0x2000003c   Data           4  tasks.o(.data)
    xYieldPending                            0x20000040   Data           4  tasks.o(.data)
    xNumOfOverflows                          0x20000044   Data           4  tasks.o(.data)
    uxTaskNumber                             0x20000048   Data           4  tasks.o(.data)
    xNextTaskUnblockTime                     0x2000004c   Data           4  tasks.o(.data)
    xIdleTaskHandle                          0x20000050   Data           4  tasks.o(.data)
    uxSchedulerSuspended                     0x20000054   Data           4  tasks.o(.data)
    pxDelayedTaskList                        0x20000058   Data           4  tasks.o(.data)
    pxOverflowDelayedTaskList                0x2000005c   Data           4  tasks.o(.data)
    .data                                    0x20000060   Section       20  timers.o(.data)
    xTimerQueue                              0x20000060   Data           4  timers.o(.data)
    xTimerTaskHandle                         0x20000064   Data           4  timers.o(.data)
    xLastTime                                0x20000068   Data           4  timers.o(.data)
    pxCurrentTimerList                       0x2000006c   Data           4  timers.o(.data)
    pxOverflowTimerList                      0x20000070   Data           4  timers.o(.data)
    .data                                    0x20000074   Section       32  heap_4.o(.data)
    pxEnd                                    0x20000074   Data           4  heap_4.o(.data)
    xFreeBytesRemaining                      0x20000078   Data           4  heap_4.o(.data)
    xMinimumEverFreeBytesRemaining           0x2000007c   Data           4  heap_4.o(.data)
    xNumberOfSuccessfulAllocations           0x20000080   Data           4  heap_4.o(.data)
    xNumberOfSuccessfulFrees                 0x20000084   Data           4  heap_4.o(.data)
    xBlockAllocatedBit                       0x20000088   Data           4  heap_4.o(.data)
    xStart                                   0x2000008c   Data           8  heap_4.o(.data)
    .data                                    0x20000094   Section       12  port.o(.data)
    ucMaxSysCallPriority                     0x20000094   Data           1  port.o(.data)
    uxCriticalNesting                        0x20000098   Data           4  port.o(.data)
    ulMaxPRIGROUPValue                       0x2000009c   Data           4  port.o(.data)
    .data                                    0x200000a0   Section        4  stdout.o(.data)
    .bss                                     0x200000a4   Section     1784  freertos.o(.bss)
    pcToPrint                                0x200000a4   Data          80  freertos.o(.bss)
    xIdleTaskTCBBuffer                       0x200000f4   Data          84  freertos.o(.bss)
    xIdleStack                               0x20000148   Data         512  freertos.o(.bss)
    xTimerTaskTCBBuffer                      0x20000348   Data          84  freertos.o(.bss)
    xTimerStack                              0x2000039c   Data        1024  freertos.o(.bss)
    .bss                                     0x2000079c   Section       88  spi.o(.bss)
    .bss                                     0x200007f4   Section       72  usart.o(.bss)
    .bss                                     0x2000083c   Section       72  stm32f1xx_hal_timebase_tim.o(.bss)
    .bss                                     0x20000884   Section       64  queue.o(.bss)
    .bss                                     0x200008c4   Section      240  tasks.o(.bss)
    pxReadyTasksLists                        0x200008c4   Data         140  tasks.o(.bss)
    xDelayedTaskList1                        0x20000950   Data          20  tasks.o(.bss)
    xDelayedTaskList2                        0x20000964   Data          20  tasks.o(.bss)
    xPendingReadyList                        0x20000978   Data          20  tasks.o(.bss)
    xTasksWaitingTermination                 0x2000098c   Data          20  tasks.o(.bss)
    xSuspendedTaskList                       0x200009a0   Data          20  tasks.o(.bss)
    .bss                                     0x200009b4   Section      232  timers.o(.bss)
    xStaticTimerQueue                        0x200009b4   Data          72  timers.o(.bss)
    ucStaticTimerQueueStorage                0x200009fc   Data         120  timers.o(.bss)
    xActiveTimerList1                        0x20000a74   Data          20  timers.o(.bss)
    xActiveTimerList2                        0x20000a88   Data          20  timers.o(.bss)
    .bss                                     0x20000a9c   Section     3072  heap_4.o(.bss)
    ucHeap                                   0x20000a9c   Data        3072  heap_4.o(.bss)
    .bss                                     0x2000169c   Section     1208  segger_rtt.o(.bss)
    _acUpBuffer                              0x20001744   Data        1024  segger_rtt.o(.bss)
    _acDownBuffer                            0x20001b44   Data          16  segger_rtt.o(.bss)
    STACK                                    0x20001b58   Section     1024  startup_stm32f103x6.o(STACK)

    Global Symbols

    Symbol Name                              Value     Ov Type        Size  Object(Section)

    BuildAttributes$$THM_ISAv4$P$D$K$B$S$PE$A:L22UL41UL21$X:L11$S22US41US21$IEEE1$IW$USESV6$~STKCKD$USESV7$~SHL$OSPACE$ROPI$EBA8$MICROLIB$REQ8$PRES8$EABIv2 0x00000000   Number         0  anon$$obj.o ABSOLUTE
    __ARM_use_no_argv                        0x00000000   Number         0  main.o ABSOLUTE
    _printf_a                                0x00000000   Number         0  stubs.o ABSOLUTE
    _printf_c                                0x00000000   Number         0  stubs.o ABSOLUTE
    _printf_charcount                        0x00000000   Number         0  stubs.o ABSOLUTE
    _printf_d                                0x00000000   Number         0  stubs.o ABSOLUTE
    _printf_e                                0x00000000   Number         0  stubs.o ABSOLUTE
    _printf_f                                0x00000000   Number         0  stubs.o ABSOLUTE
    _printf_flags                            0x00000000   Number         0  stubs.o ABSOLUTE
    _printf_fp_dec                           0x00000000   Number         0  stubs.o ABSOLUTE
    _printf_fp_hex                           0x00000000   Number         0  stubs.o ABSOLUTE
    _printf_g                                0x00000000   Number         0  stubs.o ABSOLUTE
    _printf_i                                0x00000000   Number         0  stubs.o ABSOLUTE
    _printf_int_dec                          0x00000000   Number         0  stubs.o ABSOLUTE
    _printf_l                                0x00000000   Number         0  stubs.o ABSOLUTE
    _printf_lc                               0x00000000   Number         0  stubs.o ABSOLUTE
    _printf_ll                               0x00000000   Number         0  stubs.o ABSOLUTE
    _printf_lld                              0x00000000   Number         0  stubs.o ABSOLUTE
    _printf_lli                              0x00000000   Number         0  stubs.o ABSOLUTE
    _printf_llo                              0x00000000   Number         0  stubs.o ABSOLUTE
    _printf_llu                              0x00000000   Number         0  stubs.o ABSOLUTE
    _printf_llx                              0x00000000   Number         0  stubs.o ABSOLUTE
    _printf_longlong_dec                     0x00000000   Number         0  stubs.o ABSOLUTE
    _printf_longlong_hex                     0x00000000   Number         0  stubs.o ABSOLUTE
    _printf_longlong_oct                     0x00000000   Number         0  stubs.o ABSOLUTE
    _printf_ls                               0x00000000   Number         0  stubs.o ABSOLUTE
    _printf_mbtowc                           0x00000000   Number         0  stubs.o ABSOLUTE
    _printf_n                                0x00000000   Number         0  stubs.o ABSOLUTE
    _printf_o                                0x00000000   Number         0  stubs.o ABSOLUTE
    _printf_p                                0x00000000   Number         0  stubs.o ABSOLUTE
    _printf_percent                          0x00000000   Number         0  stubs.o ABSOLUTE
    _printf_pre_padding                      0x00000000   Number         0  stubs.o ABSOLUTE
    _printf_return_value                     0x00000000   Number         0  stubs.o ABSOLUTE
    _printf_s                                0x00000000   Number         0  stubs.o ABSOLUTE
    _printf_sizespec                         0x00000000   Number         0  stubs.o ABSOLUTE
    _printf_str                              0x00000000   Number         0  stubs.o ABSOLUTE
    _printf_truncate_signed                  0x00000000   Number         0  stubs.o ABSOLUTE
    _printf_truncate_unsigned                0x00000000   Number         0  stubs.o ABSOLUTE
    _printf_u                                0x00000000   Number         0  stubs.o ABSOLUTE
    _printf_wc                               0x00000000   Number         0  stubs.o ABSOLUTE
    _printf_wctomb                           0x00000000   Number         0  stubs.o ABSOLUTE
    _printf_widthprec                        0x00000000   Number         0  stubs.o ABSOLUTE
    _printf_x                                0x00000000   Number         0  stubs.o ABSOLUTE
    __cpp_initialize__aeabi_                  - Undefined Weak Reference
    __cxa_finalize                            - Undefined Weak Reference
    __decompress                              - Undefined Weak Reference
    _clock_init                               - Undefined Weak Reference
    _microlib_exit                            - Undefined Weak Reference
    __Vectors_Size                           0x000000ec   Number         0  startup_stm32f103x6.o ABSOLUTE
    __Vectors                                0x08000000   Data           4  startup_stm32f103x6.o(RESET)
    __Vectors_End                            0x080000ec   Data           0  startup_stm32f103x6.o(RESET)
    __main                                   0x080000ed   Thumb Code     0  entry.o(.ARM.Collect$$$$00000000)
    _main_stk                                0x080000ed   Thumb Code     0  entry2.o(.ARM.Collect$$$$00000001)
    _main_scatterload                        0x080000f1   Thumb Code     0  entry5.o(.ARM.Collect$$$$00000004)
    __main_after_scatterload                 0x080000f5   Thumb Code     0  entry5.o(.ARM.Collect$$$$00000004)
    _main_clock                              0x080000f5   Thumb Code     0  entry7b.o(.ARM.Collect$$$$00000008)
    _main_cpp_init                           0x080000f5   Thumb Code     0  entry8b.o(.ARM.Collect$$$$0000000A)
    _main_init                               0x080000f5   Thumb Code     0  entry9a.o(.ARM.Collect$$$$0000000B)
    __rt_final_cpp                           0x080000fd   Thumb Code     0  entry10a.o(.ARM.Collect$$$$0000000D)
    __rt_final_exit                          0x080000fd   Thumb Code     0  entry11a.o(.ARM.Collect$$$$0000000F)
    SVC_Handler                              0x08000101   Thumb Code    32  port.o(.emb_text)
    __asm___6_port_c_39a90d8d__prvStartFirstTask 0x08000125   Thumb Code    28  port.o(.emb_text)
    PendSV_Handler                           0x08000145   Thumb Code    72  port.o(.emb_text)
    vPortGetIPSR                             0x08000191   Thumb Code     6  port.o(.emb_text)
    Reset_Handler                            0x08000199   Thumb Code     8  startup_stm32f103x6.o(.text)
    ADC1_2_IRQHandler                        0x080001b3   Thumb Code     0  startup_stm32f103x6.o(.text)
    CAN1_RX1_IRQHandler                      0x080001b3   Thumb Code     0  startup_stm32f103x6.o(.text)
    CAN1_SCE_IRQHandler                      0x080001b3   Thumb Code     0  startup_stm32f103x6.o(.text)
    DMA1_Channel1_IRQHandler                 0x080001b3   Thumb Code     0  startup_stm32f103x6.o(.text)
    DMA1_Channel2_IRQHandler                 0x080001b3   Thumb Code     0  startup_stm32f103x6.o(.text)
    DMA1_Channel3_IRQHandler                 0x080001b3   Thumb Code     0  startup_stm32f103x6.o(.text)
    DMA1_Channel4_IRQHandler                 0x080001b3   Thumb Code     0  startup_stm32f103x6.o(.text)
    DMA1_Channel5_IRQHandler                 0x080001b3   Thumb Code     0  startup_stm32f103x6.o(.text)
    DMA1_Channel6_IRQHandler                 0x080001b3   Thumb Code     0  startup_stm32f103x6.o(.text)
    DMA1_Channel7_IRQHandler                 0x080001b3   Thumb Code     0  startup_stm32f103x6.o(.text)
    EXTI0_IRQHandler                         0x080001b3   Thumb Code     0  startup_stm32f103x6.o(.text)
    EXTI15_10_IRQHandler                     0x080001b3   Thumb Code     0  startup_stm32f103x6.o(.text)
    EXTI1_IRQHandler                         0x080001b3   Thumb Code     0  startup_stm32f103x6.o(.text)
    EXTI2_IRQHandler                         0x080001b3   Thumb Code     0  startup_stm32f103x6.o(.text)
    EXTI3_IRQHandler                         0x080001b3   Thumb Code     0  startup_stm32f103x6.o(.text)
    EXTI4_IRQHandler                         0x080001b3   Thumb Code     0  startup_stm32f103x6.o(.text)
    EXTI9_5_IRQHandler                       0x080001b3   Thumb Code     0  startup_stm32f103x6.o(.text)
    FLASH_IRQHandler                         0x080001b3   Thumb Code     0  startup_stm32f103x6.o(.text)
    I2C1_ER_IRQHandler                       0x080001b3   Thumb Code     0  startup_stm32f103x6.o(.text)
    I2C1_EV_IRQHandler                       0x080001b3   Thumb Code     0  startup_stm32f103x6.o(.text)
    PVD_IRQHandler                           0x080001b3   Thumb Code     0  startup_stm32f103x6.o(.text)
    RCC_IRQHandler                           0x080001b3   Thumb Code     0  startup_stm32f103x6.o(.text)
    RTC_Alarm_IRQHandler                     0x080001b3   Thumb Code     0  startup_stm32f103x6.o(.text)
    RTC_IRQHandler                           0x080001b3   Thumb Code     0  startup_stm32f103x6.o(.text)
    SPI1_IRQHandler                          0x080001b3   Thumb Code     0  startup_stm32f103x6.o(.text)
    TAMPER_IRQHandler                        0x080001b3   Thumb Code     0  startup_stm32f103x6.o(.text)
    TIM1_BRK_IRQHandler                      0x080001b3   Thumb Code     0  startup_stm32f103x6.o(.text)
    TIM1_CC_IRQHandler                       0x080001b3   Thumb Code     0  startup_stm32f103x6.o(.text)
    TIM1_TRG_COM_IRQHandler                  0x080001b3   Thumb Code     0  startup_stm32f103x6.o(.text)
    TIM2_IRQHandler                          0x080001b3   Thumb Code     0  startup_stm32f103x6.o(.text)
    TIM3_IRQHandler                          0x080001b3   Thumb Code     0  startup_stm32f103x6.o(.text)
    USART1_IRQHandler                        0x080001b3   Thumb Code     0  startup_stm32f103x6.o(.text)
    USART2_IRQHandler                        0x080001b3   Thumb Code     0  startup_stm32f103x6.o(.text)
    USBWakeUp_IRQHandler                     0x080001b3   Thumb Code     0  startup_stm32f103x6.o(.text)
    USB_HP_CAN1_TX_IRQHandler                0x080001b3   Thumb Code     0  startup_stm32f103x6.o(.text)
    USB_LP_CAN1_RX0_IRQHandler               0x080001b3   Thumb Code     0  startup_stm32f103x6.o(.text)
    WWDG_IRQHandler                          0x080001b3   Thumb Code     0  startup_stm32f103x6.o(.text)
    __aeabi_llsr                             0x080001bd   Thumb Code    32  llushr.o(.text)
    _ll_ushift_r                             0x080001bd   Thumb Code     0  llushr.o(.text)
    __aeabi_memcpy                           0x080001dd   Thumb Code    36  memcpya.o(.text)
    __aeabi_memcpy4                          0x080001dd   Thumb Code     0  memcpya.o(.text)
    __aeabi_memcpy8                          0x080001dd   Thumb Code     0  memcpya.o(.text)
    __aeabi_memset                           0x08000201   Thumb Code    14  memseta.o(.text)
    __aeabi_memset4                          0x08000201   Thumb Code     0  memseta.o(.text)
    __aeabi_memset8                          0x08000201   Thumb Code     0  memseta.o(.text)
    __aeabi_memclr                           0x0800020f   Thumb Code     4  memseta.o(.text)
    __aeabi_memclr4                          0x0800020f   Thumb Code     0  memseta.o(.text)
    __aeabi_memclr8                          0x0800020f   Thumb Code     0  memseta.o(.text)
    memset                                   0x08000213   Thumb Code    18  memseta.o(.text)
    strcpy                                   0x08000225   Thumb Code    18  strcpy.o(.text)
    __aeabi_uidiv                            0x08000237   Thumb Code     0  uidiv.o(.text)
    __aeabi_uidivmod                         0x08000237   Thumb Code    44  uidiv.o(.text)
    __aeabi_uldivmod                         0x08000263   Thumb Code    98  uldiv.o(.text)
    __I$use$fp                               0x080002c5   Thumb Code     0  iusefp.o(.text)
    __aeabi_dadd                             0x080002c5   Thumb Code   322  dadd.o(.text)
    __aeabi_dsub                             0x08000407   Thumb Code     6  dadd.o(.text)
    __aeabi_drsub                            0x0800040d   Thumb Code     6  dadd.o(.text)
    __aeabi_dmul                             0x08000413   Thumb Code   228  dmul.o(.text)
    __aeabi_ddiv                             0x080004f7   Thumb Code   222  ddiv.o(.text)
    __aeabi_d2ulz                            0x080005d5   Thumb Code    48  dfixul.o(.text)
    __aeabi_cdrcmple                         0x08000605   Thumb Code    48  cdrcmple.o(.text)
    __scatterload                            0x08000635   Thumb Code    28  init.o(.text)
    __scatterload_rt2                        0x08000635   Thumb Code     0  init.o(.text)
    __aeabi_llsl                             0x08000659   Thumb Code    30  llshl.o(.text)
    _ll_shift_l                              0x08000659   Thumb Code     0  llshl.o(.text)
    __aeabi_lasr                             0x08000677   Thumb Code    36  llsshr.o(.text)
    _ll_sshift_r                             0x08000677   Thumb Code     0  llsshr.o(.text)
    _double_round                            0x0800069b   Thumb Code    30  depilogue.o(.text)
    _double_epilogue                         0x080006b9   Thumb Code   156  depilogue.o(.text)
    BusFault_Handler                         0x08000755   Thumb Code     2  stm32f1xx_it.o(i.BusFault_Handler)
    Callback01                               0x08000759   Thumb Code    28  freertos.o(i.Callback01)
    DebugMon_Handler                         0x08000799   Thumb Code     2  stm32f1xx_it.o(i.DebugMon_Handler)
    Error_Handler                            0x0800079b   Thumb Code     4  main.o(i.Error_Handler)
    HAL_GPIO_Init                            0x080007a1   Thumb Code   450  stm32f1xx_hal_gpio.o(i.HAL_GPIO_Init)
    HAL_GPIO_TogglePin                       0x08000981   Thumb Code    16  stm32f1xx_hal_gpio.o(i.HAL_GPIO_TogglePin)
    HAL_GPIO_WritePin                        0x08000991   Thumb Code    14  stm32f1xx_hal_gpio.o(i.HAL_GPIO_WritePin)
    HAL_GetTick                              0x080009a1   Thumb Code     6  stm32f1xx_hal.o(i.HAL_GetTick)
    HAL_IncTick                              0x080009ad   Thumb Code    12  stm32f1xx_hal.o(i.HAL_IncTick)
    HAL_Init                                 0x080009bd   Thumb Code    32  stm32f1xx_hal.o(i.HAL_Init)
    HAL_InitTick                             0x080009e1   Thumb Code   118  stm32f1xx_hal_timebase_tim.o(i.HAL_InitTick)
    HAL_MspInit                              0x08000a6d   Thumb Code    62  stm32f1xx_hal_msp.o(i.HAL_MspInit)
    HAL_NVIC_EnableIRQ                       0x08000ab5   Thumb Code    26  stm32f1xx_hal_cortex.o(i.HAL_NVIC_EnableIRQ)
    HAL_NVIC_SetPriority                     0x08000ad1   Thumb Code    60  stm32f1xx_hal_cortex.o(i.HAL_NVIC_SetPriority)
    HAL_NVIC_SetPriorityGrouping             0x08000b11   Thumb Code    26  stm32f1xx_hal_cortex.o(i.HAL_NVIC_SetPriorityGrouping)
    HAL_RCC_ClockConfig                      0x08000b35   Thumb Code   318  stm32f1xx_hal_rcc.o(i.HAL_RCC_ClockConfig)
    HAL_RCC_GetClockConfig                   0x08000c89   Thumb Code    52  stm32f1xx_hal_rcc.o(i.HAL_RCC_GetClockConfig)
    HAL_RCC_GetHCLKFreq                      0x08000cc5   Thumb Code     6  stm32f1xx_hal_rcc.o(i.HAL_RCC_GetHCLKFreq)
    HAL_RCC_GetPCLK1Freq                     0x08000cd1   Thumb Code    22  stm32f1xx_hal_rcc.o(i.HAL_RCC_GetPCLK1Freq)
    HAL_RCC_GetPCLK2Freq                     0x08000cf1   Thumb Code    22  stm32f1xx_hal_rcc.o(i.HAL_RCC_GetPCLK2Freq)
    HAL_RCC_GetSysClockFreq                  0x08000d11   Thumb Code    58  stm32f1xx_hal_rcc.o(i.HAL_RCC_GetSysClockFreq)
    HAL_RCC_OscConfig                        0x08000d5d   Thumb Code   882  stm32f1xx_hal_rcc.o(i.HAL_RCC_OscConfig)
    HAL_SPI_Init                             0x080010e1   Thumb Code   180  stm32f1xx_hal_spi.o(i.HAL_SPI_Init)
    HAL_SPI_MspInit                          0x08001195   Thumb Code    98  spi.o(i.HAL_SPI_MspInit)
    HAL_TIMEx_BreakCallback                  0x08001205   Thumb Code     2  stm32f1xx_hal_tim_ex.o(i.HAL_TIMEx_BreakCallback)
    HAL_TIMEx_CommutCallback                 0x08001207   Thumb Code     2  stm32f1xx_hal_tim_ex.o(i.HAL_TIMEx_CommutCallback)
    HAL_TIM_Base_Init                        0x08001209   Thumb Code    74  stm32f1xx_hal_tim.o(i.HAL_TIM_Base_Init)
    HAL_TIM_Base_MspInit                     0x08001253   Thumb Code     2  stm32f1xx_hal_tim.o(i.HAL_TIM_Base_MspInit)
    HAL_TIM_Base_Start_IT                    0x08001255   Thumb Code    80  stm32f1xx_hal_tim.o(i.HAL_TIM_Base_Start_IT)
    HAL_TIM_IC_CaptureCallback               0x080012ad   Thumb Code     2  stm32f1xx_hal_tim.o(i.HAL_TIM_IC_CaptureCallback)
    HAL_TIM_IRQHandler                       0x080012af   Thumb Code   312  stm32f1xx_hal_tim.o(i.HAL_TIM_IRQHandler)
    HAL_TIM_OC_DelayElapsedCallback          0x080013e7   Thumb Code     2  stm32f1xx_hal_tim.o(i.HAL_TIM_OC_DelayElapsedCallback)
    HAL_TIM_PWM_PulseFinishedCallback        0x080013e9   Thumb Code     2  stm32f1xx_hal_tim.o(i.HAL_TIM_PWM_PulseFinishedCallback)
    HAL_TIM_PeriodElapsedCallback            0x080013ed   Thumb Code    14  main.o(i.HAL_TIM_PeriodElapsedCallback)
    HAL_TIM_TriggerCallback                  0x08001401   Thumb Code     2  stm32f1xx_hal_tim.o(i.HAL_TIM_TriggerCallback)
    HAL_UART_Init                            0x08001403   Thumb Code   102  stm32f1xx_hal_uart.o(i.HAL_UART_Init)
    HAL_UART_MspInit                         0x08001469   Thumb Code   100  usart.o(i.HAL_UART_MspInit)
    HAL_UART_Transmit                        0x080014d9   Thumb Code   174  stm32f1xx_hal_uart.o(i.HAL_UART_Transmit)
    HardFault_Handler                        0x08001587   Thumb Code     2  stm32f1xx_it.o(i.HardFault_Handler)
    MX_FREERTOS_Init                         0x08001589   Thumb Code   116  freertos.o(i.MX_FREERTOS_Init)
    MX_GPIO_Init                             0x08001605   Thumb Code   136  gpio.o(i.MX_GPIO_Init)
    MX_SPI1_Init                             0x08001699   Thumb Code    62  spi.o(i.MX_SPI1_Init)
    MX_USART1_UART_Init                      0x080016e1   Thumb Code    48  usart.o(i.MX_USART1_UART_Init)
    MemManage_Handler                        0x08001719   Thumb Code     2  stm32f1xx_it.o(i.MemManage_Handler)
    NMI_Handler                              0x0800171b   Thumb Code     2  stm32f1xx_it.o(i.NMI_Handler)
    SEGGER_RTT_Init                          0x08001741   Thumb Code     4  segger_rtt.o(i.SEGGER_RTT_Init)
    SEGGER_RTT_Write                         0x08001745   Thumb Code    52  segger_rtt.o(i.SEGGER_RTT_Write)
    SEGGER_RTT_WriteNoLock                   0x0800177d   Thumb Code   102  segger_rtt.o(i.SEGGER_RTT_WriteNoLock)
    SEGGER_RTT_printf                        0x080017e9   Thumb Code    22  segger_rtt_printf.o(i.SEGGER_RTT_printf)
    SEGGER_RTT_vprintf                       0x080017ff   Thumb Code   416  segger_rtt_printf.o(i.SEGGER_RTT_vprintf)
    StartDefaultTask                         0x0800199f   Thumb Code     8  freertos.o(i.StartDefaultTask)
    StartTaskLED                             0x080019a9   Thumb Code    86  freertos.o(i.StartTaskLED)
    SysTick_Handler                          0x08001a4d   Thumb Code    38  port.o(i.SysTick_Handler)
    SystemClock_Config                       0x08001a79   Thumb Code    94  main.o(i.SystemClock_Config)
    SystemInit                               0x08001ad7   Thumb Code     2  system_stm32f1xx.o(i.SystemInit)
    TIM1_UP_IRQHandler                       0x08001ad9   Thumb Code     6  stm32f1xx_it.o(i.TIM1_UP_IRQHandler)
    TIM_Base_SetConfig                       0x08001ae5   Thumb Code    98  stm32f1xx_hal_tim.o(i.TIM_Base_SetConfig)
    UsageFault_Handler                       0x08001ccd   Thumb Code     2  stm32f1xx_it.o(i.UsageFault_Handler)
    __0printf                                0x08001fe1   Thumb Code    22  printfa.o(i.__0printf)
    __1printf                                0x08001fe1   Thumb Code     0  printfa.o(i.__0printf)
    __2printf                                0x08001fe1   Thumb Code     0  printfa.o(i.__0printf)
    __c89printf                              0x08001fe1   Thumb Code     0  printfa.o(i.__0printf)
    printf                                   0x08001fe1   Thumb Code     0  printfa.o(i.__0printf)
    __0sprintf                               0x08002001   Thumb Code    34  printfa.o(i.__0sprintf)
    __1sprintf                               0x08002001   Thumb Code     0  printfa.o(i.__0sprintf)
    __2sprintf                               0x08002001   Thumb Code     0  printfa.o(i.__0sprintf)
    __c89sprintf                             0x08002001   Thumb Code     0  printfa.o(i.__0sprintf)
    sprintf                                  0x08002001   Thumb Code     0  printfa.o(i.__0sprintf)
    __scatterload_copy                       0x08002049   Thumb Code    14  handlers.o(i.__scatterload_copy)
    __scatterload_null                       0x08002057   Thumb Code     2  handlers.o(i.__scatterload_null)
    __scatterload_zeroinit                   0x08002059   Thumb Code    14  handlers.o(i.__scatterload_zeroinit)
    fputc                                    0x08002925   Thumb Code    20  usart.o(i.fputc)
    main                                     0x0800294d   Thumb Code    42  main.o(i.main)
    osDelay                                  0x08002999   Thumb Code    16  cmsis_os.o(i.osDelay)
    osKernelStart                            0x080029a9   Thumb Code    10  cmsis_os.o(i.osKernelStart)
    osThreadCreate                           0x080029b3   Thumb Code    88  cmsis_os.o(i.osThreadCreate)
    osTimerCreate                            0x08002a0d   Thumb Code    56  cmsis_os.o(i.osTimerCreate)
    osTimerStart                             0x08002a49   Thumb Code    96  cmsis_os.o(i.osTimerStart)
    printTask                                0x08002aad   Thumb Code    48  freertos.o(i.printTask)
    pvPortMalloc                             0x08003341   Thumb Code   214  heap_4.o(i.pvPortMalloc)
    pxPortInitialiseStack                    0x0800341d   Thumb Code    24  port.o(i.pxPortInitialiseStack)
    uxListRemove                             0x08003439   Thumb Code    38  list.o(i.uxListRemove)
    vApplicationGetIdleTaskMemory            0x08003461   Thumb Code    16  freertos.o(i.vApplicationGetIdleTaskMemory)
    vApplicationGetTimerTaskMemory           0x08003475   Thumb Code    18  freertos.o(i.vApplicationGetTimerTaskMemory)
    vListInitialise                          0x0800348d   Thumb Code    22  list.o(i.vListInitialise)
    vListInitialiseItem                      0x080034a3   Thumb Code     6  list.o(i.vListInitialiseItem)
    vListInsert                              0x080034a9   Thumb Code    48  list.o(i.vListInsert)
    vListInsertEnd                           0x080034d9   Thumb Code    24  list.o(i.vListInsertEnd)
    vPortEnterCritical                       0x080034f1   Thumb Code    54  port.o(i.vPortEnterCritical)
    vPortExitCritical                        0x08003531   Thumb Code    38  port.o(i.vPortExitCritical)
    vPortFree                                0x0800355d   Thumb Code    94  heap_4.o(i.vPortFree)
    vPortSetupTimerInterrupt                 0x080035c1   Thumb Code    32  port.o(i.vPortSetupTimerInterrupt)
    vPortValidateInterruptPriority           0x080035e5   Thumb Code    74  port.o(i.vPortValidateInterruptPriority)
    vQueueAddToRegistry                      0x08003639   Thumb Code    32  queue.o(i.vQueueAddToRegistry)
    vQueueWaitForMessageRestricted           0x0800365d   Thumb Code    70  queue.o(i.vQueueWaitForMessageRestricted)
    vTaskDelay                               0x080036a5   Thumb Code    70  tasks.o(i.vTaskDelay)
    vTaskInternalSetTimeOutState             0x080036f5   Thumb Code    12  tasks.o(i.vTaskInternalSetTimeOutState)
    vTaskMissedYield                         0x08003705   Thumb Code     8  tasks.o(i.vTaskMissedYield)
    vTaskPlaceOnEventList                    0x08003711   Thumb Code    46  tasks.o(i.vTaskPlaceOnEventList)
    vTaskPlaceOnEventListRestricted          0x08003745   Thumb Code    54  tasks.o(i.vTaskPlaceOnEventListRestricted)
    vTaskStartScheduler                      0x08003781   Thumb Code   126  tasks.o(i.vTaskStartScheduler)
    vTaskSuspendAll                          0x08003811   Thumb Code    10  tasks.o(i.vTaskSuspendAll)
    vTaskSwitchContext                       0x08003821   Thumb Code    86  tasks.o(i.vTaskSwitchContext)
    xPortStartScheduler                      0x08003881   Thumb Code   154  port.o(i.xPortStartScheduler)
    xQueueGenericCreate                      0x08003929   Thumb Code    68  queue.o(i.xQueueGenericCreate)
    xQueueGenericCreateStatic                0x0800396d   Thumb Code   108  queue.o(i.xQueueGenericCreateStatic)
    xQueueGenericReset                       0x080039d9   Thumb Code   134  queue.o(i.xQueueGenericReset)
    xQueueGenericSend                        0x08003a65   Thumb Code   352  queue.o(i.xQueueGenericSend)
    xQueueGenericSendFromISR                 0x08003bc9   Thumb Code   192  queue.o(i.xQueueGenericSendFromISR)
    xQueueReceive                            0x08003c89   Thumb Code   310  queue.o(i.xQueueReceive)
    xTaskCheckForTimeOut                     0x08003dc5   Thumb Code   118  tasks.o(i.xTaskCheckForTimeOut)
    xTaskCreate                              0x08003e41   Thumb Code   100  tasks.o(i.xTaskCreate)
    xTaskCreateStatic                        0x08003ea5   Thumb Code    92  tasks.o(i.xTaskCreateStatic)
    xTaskGetSchedulerState                   0x08003f01   Thumb Code    24  tasks.o(i.xTaskGetSchedulerState)
    xTaskGetTickCount                        0x08003f1d   Thumb Code     6  tasks.o(i.xTaskGetTickCount)
    xTaskIncrementTick                       0x08003f29   Thumb Code   198  tasks.o(i.xTaskIncrementTick)
    xTaskPriorityDisinherit                  0x08003ff9   Thumb Code   144  tasks.o(i.xTaskPriorityDisinherit)
    xTaskRemoveFromEventList                 0x08004091   Thumb Code   114  tasks.o(i.xTaskRemoveFromEventList)
    xTaskResumeAll                           0x0800410d   Thumb Code   192  tasks.o(i.xTaskResumeAll)
    xTimerCreate                             0x080041d9   Thumb Code    52  timers.o(i.xTimerCreate)
    xTimerCreateStatic                       0x0800420d   Thumb Code    52  timers.o(i.xTimerCreateStatic)
    xTimerCreateTimerTask                    0x08004241   Thumb Code    86  timers.o(i.xTimerCreateTimerTask)
    xTimerGenericCommand                     0x080042a9   Thumb Code    98  timers.o(i.xTimerGenericCommand)
    AHBPrescTable                            0x0800437e   Data          16  system_stm32f1xx.o(.constdata)
    APBPrescTable                            0x0800438e   Data           8  system_stm32f1xx.o(.constdata)
    Region$$Table$$Base                      0x080043cc   Number         0  anon$$obj.o(Region$$Table)
    Region$$Table$$Limit                     0x080043ec   Number         0  anon$$obj.o(Region$$Table)
    xQueuePrint                              0x20000000   Data           4  freertos.o(.data)
    myTaskPrintHandle                        0x20000004   Data           4  freertos.o(.data)
    defaultTaskHandle                        0x20000008   Data           4  freertos.o(.data)
    myTaskLEDHandle                          0x2000000c   Data           4  freertos.o(.data)
    myTimer01Handle                          0x20000010   Data           4  freertos.o(.data)
    uwTickFreq                               0x20000014   Data           1  stm32f1xx_hal.o(.data)
    uwTickPrio                               0x20000018   Data           4  stm32f1xx_hal.o(.data)
    uwTick                                   0x2000001c   Data           4  stm32f1xx_hal.o(.data)
    SystemCoreClock                          0x20000020   Data           4  system_stm32f1xx.o(.data)
    pxCurrentTCB                             0x20000024   Data           4  tasks.o(.data)
    __stdout                                 0x200000a0   Data           4  stdout.o(.data)
    hspi1                                    0x2000079c   Data          88  spi.o(.bss)
    huart1                                   0x200007f4   Data          72  usart.o(.bss)
    htim1                                    0x2000083c   Data          72  stm32f1xx_hal_timebase_tim.o(.bss)
    xQueueRegistry                           0x20000884   Data          64  queue.o(.bss)
    _SEGGER_RTT                              0x2000169c   Data         168  segger_rtt.o(.bss)
    __initial_sp                             0x20001f58   Data           0  startup_stm32f103x6.o(STACK)



==============================================================================

Memory Map of the image

  Image Entry point : 0x080000ed

  Load Region LR_IROM1 (Base: 0x08000000, Size: 0x00004490, Max: 0x00008000, ABSOLUTE)

    Execution Region ER_IROM1 (Exec base: 0x08000000, Load base: 0x08000000, Size: 0x000043ec, Max: 0x00008000, ABSOLUTE)

    Exec Addr    Load Addr    Size         Type   Attr      Idx    E Section Name        Object

    0x08000000   0x08000000   0x000000ec   Data   RO            3    RESET               startup_stm32f103x6.o
    0x080000ec   0x080000ec   0x00000000   Code   RO         5450  * .ARM.Collect$$$$00000000  mc_w.l(entry.o)
    0x080000ec   0x080000ec   0x00000004   Code   RO         5730    .ARM.Collect$$$$00000001  mc_w.l(entry2.o)
    0x080000f0   0x080000f0   0x00000004   Code   RO         5733    .ARM.Collect$$$$00000004  mc_w.l(entry5.o)
    0x080000f4   0x080000f4   0x00000000   Code   RO         5735    .ARM.Collect$$$$00000008  mc_w.l(entry7b.o)
    0x080000f4   0x080000f4   0x00000000   Code   RO         5737    .ARM.Collect$$$$0000000A  mc_w.l(entry8b.o)
    0x080000f4   0x080000f4   0x00000008   Code   RO         5738    .ARM.Collect$$$$0000000B  mc_w.l(entry9a.o)
    0x080000fc   0x080000fc   0x00000000   Code   RO         5740    .ARM.Collect$$$$0000000D  mc_w.l(entry10a.o)
    0x080000fc   0x080000fc   0x00000000   Code   RO         5742    .ARM.Collect$$$$0000000F  mc_w.l(entry11a.o)
    0x080000fc   0x080000fc   0x00000004   Code   RO         5731    .ARM.Collect$$$$00002712  mc_w.l(entry2.o)
    0x08000100   0x08000100   0x00000096   Code   RO         4888    .emb_text           port.o
    0x08000196   0x08000196   0x00000002   PAD
    0x08000198   0x08000198   0x00000024   Code   RO            4    .text               startup_stm32f103x6.o
    0x080001bc   0x080001bc   0x00000020   Code   RO         5453    .text               mc_w.l(llushr.o)
    0x080001dc   0x080001dc   0x00000024   Code   RO         5455    .text               mc_w.l(memcpya.o)
    0x08000200   0x08000200   0x00000024   Code   RO         5459    .text               mc_w.l(memseta.o)
    0x08000224   0x08000224   0x00000012   Code   RO         5465    .text               mc_w.l(strcpy.o)
    0x08000236   0x08000236   0x0000002c   Code   RO         5745    .text               mc_w.l(uidiv.o)
    0x08000262   0x08000262   0x00000062   Code   RO         5747    .text               mc_w.l(uldiv.o)
    0x080002c4   0x080002c4   0x00000000   Code   RO         5749    .text               mc_w.l(iusefp.o)
    0x080002c4   0x080002c4   0x0000014e   Code   RO         5750    .text               mf_w.l(dadd.o)
    0x08000412   0x08000412   0x000000e4   Code   RO         5752    .text               mf_w.l(dmul.o)
    0x080004f6   0x080004f6   0x000000de   Code   RO         5754    .text               mf_w.l(ddiv.o)
    0x080005d4   0x080005d4   0x00000030   Code   RO         5756    .text               mf_w.l(dfixul.o)
    0x08000604   0x08000604   0x00000030   Code   RO         5758    .text               mf_w.l(cdrcmple.o)
    0x08000634   0x08000634   0x00000024   Code   RO         5760    .text               mc_w.l(init.o)
    0x08000658   0x08000658   0x0000001e   Code   RO         5762    .text               mc_w.l(llshl.o)
    0x08000676   0x08000676   0x00000024   Code   RO         5764    .text               mc_w.l(llsshr.o)
    0x0800069a   0x0800069a   0x000000ba   Code   RO         5766    .text               mf_w.l(depilogue.o)
    0x08000754   0x08000754   0x00000002   Code   RO          621    i.BusFault_Handler  stm32f1xx_it.o
    0x08000756   0x08000756   0x00000002   PAD
    0x08000758   0x08000758   0x00000040   Code   RO          451    i.Callback01        freertos.o
    0x08000798   0x08000798   0x00000002   Code   RO          622    i.DebugMon_Handler  stm32f1xx_it.o
    0x0800079a   0x0800079a   0x00000004   Code   RO          181    i.Error_Handler     main.o
    0x0800079e   0x0800079e   0x00000002   PAD
    0x080007a0   0x080007a0   0x000001e0   Code   RO         1106    i.HAL_GPIO_Init     stm32f1xx_hal_gpio.o
    0x08000980   0x08000980   0x00000010   Code   RO         1109    i.HAL_GPIO_TogglePin  stm32f1xx_hal_gpio.o
    0x08000990   0x08000990   0x0000000e   Code   RO         1110    i.HAL_GPIO_WritePin  stm32f1xx_hal_gpio.o
    0x0800099e   0x0800099e   0x00000002   PAD
    0x080009a0   0x080009a0   0x0000000c   Code   RO          795    i.HAL_GetTick       stm32f1xx_hal.o
    0x080009ac   0x080009ac   0x00000010   Code   RO          801    i.HAL_IncTick       stm32f1xx_hal.o
    0x080009bc   0x080009bc   0x00000024   Code   RO          802    i.HAL_Init          stm32f1xx_hal.o
    0x080009e0   0x080009e0   0x0000008c   Code   RO          709    i.HAL_InitTick      stm32f1xx_hal_timebase_tim.o
    0x08000a6c   0x08000a6c   0x00000048   Code   RO          685    i.HAL_MspInit       stm32f1xx_hal_msp.o
    0x08000ab4   0x08000ab4   0x0000001a   Code   RO         1266    i.HAL_NVIC_EnableIRQ  stm32f1xx_hal_cortex.o
    0x08000ace   0x08000ace   0x00000002   PAD
    0x08000ad0   0x08000ad0   0x00000040   Code   RO         1272    i.HAL_NVIC_SetPriority  stm32f1xx_hal_cortex.o
    0x08000b10   0x08000b10   0x00000024   Code   RO         1273    i.HAL_NVIC_SetPriorityGrouping  stm32f1xx_hal_cortex.o
    0x08000b34   0x08000b34   0x00000154   Code   RO          959    i.HAL_RCC_ClockConfig  stm32f1xx_hal_rcc.o
    0x08000c88   0x08000c88   0x0000003c   Code   RO          963    i.HAL_RCC_GetClockConfig  stm32f1xx_hal_rcc.o
    0x08000cc4   0x08000cc4   0x0000000c   Code   RO          964    i.HAL_RCC_GetHCLKFreq  stm32f1xx_hal_rcc.o
    0x08000cd0   0x08000cd0   0x00000020   Code   RO          966    i.HAL_RCC_GetPCLK1Freq  stm32f1xx_hal_rcc.o
    0x08000cf0   0x08000cf0   0x00000020   Code   RO          967    i.HAL_RCC_GetPCLK2Freq  stm32f1xx_hal_rcc.o
    0x08000d10   0x08000d10   0x0000004c   Code   RO          968    i.HAL_RCC_GetSysClockFreq  stm32f1xx_hal_rcc.o
    0x08000d5c   0x08000d5c   0x00000384   Code   RO          971    i.HAL_RCC_OscConfig  stm32f1xx_hal_rcc.o
    0x080010e0   0x080010e0   0x000000b4   Code   RO         1798    i.HAL_SPI_Init      stm32f1xx_hal_spi.o
    0x08001194   0x08001194   0x00000070   Code   RO          532    i.HAL_SPI_MspInit   spi.o
    0x08001204   0x08001204   0x00000002   Code   RO         2826    i.HAL_TIMEx_BreakCallback  stm32f1xx_hal_tim_ex.o
    0x08001206   0x08001206   0x00000002   Code   RO         2827    i.HAL_TIMEx_CommutCallback  stm32f1xx_hal_tim_ex.o
    0x08001208   0x08001208   0x0000004a   Code   RO         2111    i.HAL_TIM_Base_Init  stm32f1xx_hal_tim.o
    0x08001252   0x08001252   0x00000002   Code   RO         2113    i.HAL_TIM_Base_MspInit  stm32f1xx_hal_tim.o
    0x08001254   0x08001254   0x00000058   Code   RO         2116    i.HAL_TIM_Base_Start_IT  stm32f1xx_hal_tim.o
    0x080012ac   0x080012ac   0x00000002   Code   RO         2145    i.HAL_TIM_IC_CaptureCallback  stm32f1xx_hal_tim.o
    0x080012ae   0x080012ae   0x00000138   Code   RO         2159    i.HAL_TIM_IRQHandler  stm32f1xx_hal_tim.o
    0x080013e6   0x080013e6   0x00000002   Code   RO         2162    i.HAL_TIM_OC_DelayElapsedCallback  stm32f1xx_hal_tim.o
    0x080013e8   0x080013e8   0x00000002   Code   RO         2189    i.HAL_TIM_PWM_PulseFinishedCallback  stm32f1xx_hal_tim.o
    0x080013ea   0x080013ea   0x00000002   PAD
    0x080013ec   0x080013ec   0x00000014   Code   RO          182    i.HAL_TIM_PeriodElapsedCallback  main.o
    0x08001400   0x08001400   0x00000002   Code   RO         2202    i.HAL_TIM_TriggerCallback  stm32f1xx_hal_tim.o
    0x08001402   0x08001402   0x00000066   Code   RO         3123    i.HAL_UART_Init     stm32f1xx_hal_uart.o
    0x08001468   0x08001468   0x00000070   Code   RO          574    i.HAL_UART_MspInit  usart.o
    0x080014d8   0x080014d8   0x000000ae   Code   RO         3131    i.HAL_UART_Transmit  stm32f1xx_hal_uart.o
    0x08001586   0x08001586   0x00000002   Code   RO          623    i.HardFault_Handler  stm32f1xx_it.o
    0x08001588   0x08001588   0x0000007c   Code   RO          452    i.MX_FREERTOS_Init  freertos.o
    0x08001604   0x08001604   0x00000094   Code   RO          427    i.MX_GPIO_Init      gpio.o
    0x08001698   0x08001698   0x00000048   Code   RO          533    i.MX_SPI1_Init      spi.o
    0x080016e0   0x080016e0   0x00000038   Code   RO          575    i.MX_USART1_UART_Init  usart.o
    0x08001718   0x08001718   0x00000002   Code   RO          624    i.MemManage_Handler  stm32f1xx_it.o
    0x0800171a   0x0800171a   0x00000002   Code   RO          625    i.NMI_Handler       stm32f1xx_it.o
    0x0800171c   0x0800171c   0x00000024   Code   RO          972    i.RCC_Delay         stm32f1xx_hal_rcc.o
    0x08001740   0x08001740   0x00000004   Code   RO         5230    i.SEGGER_RTT_Init   segger_rtt.o
    0x08001744   0x08001744   0x00000038   Code   RO         5243    i.SEGGER_RTT_Write  segger_rtt.o
    0x0800177c   0x0800177c   0x0000006c   Code   RO         5244    i.SEGGER_RTT_WriteNoLock  segger_rtt.o
    0x080017e8   0x080017e8   0x00000016   Code   RO         5416    i.SEGGER_RTT_printf  segger_rtt_printf.o
    0x080017fe   0x080017fe   0x000001a0   Code   RO         5417    i.SEGGER_RTT_vprintf  segger_rtt_printf.o
    0x0800199e   0x0800199e   0x00000008   Code   RO          453    i.StartDefaultTask  freertos.o
    0x080019a6   0x080019a6   0x00000002   PAD
    0x080019a8   0x080019a8   0x000000a4   Code   RO          454    i.StartTaskLED      freertos.o
    0x08001a4c   0x08001a4c   0x0000002c   Code   RO         4889    i.SysTick_Handler   port.o
    0x08001a78   0x08001a78   0x0000005e   Code   RO          184    i.SystemClock_Config  main.o
    0x08001ad6   0x08001ad6   0x00000002   Code   RO         3467    i.SystemInit        system_stm32f1xx.o
    0x08001ad8   0x08001ad8   0x0000000c   Code   RO          626    i.TIM1_UP_IRQHandler  stm32f1xx_it.o
    0x08001ae4   0x08001ae4   0x0000006c   Code   RO         2204    i.TIM_Base_SetConfig  stm32f1xx_hal_tim.o
    0x08001b50   0x08001b50   0x0000004e   Code   RO         3146    i.UART_EndRxTransfer  stm32f1xx_hal_uart.o
    0x08001b9e   0x08001b9e   0x00000002   PAD
    0x08001ba0   0x08001ba0   0x000000b8   Code   RO         3150    i.UART_SetConfig    stm32f1xx_hal_uart.o
    0x08001c58   0x08001c58   0x00000074   Code   RO         3154    i.UART_WaitOnFlagUntilTimeout  stm32f1xx_hal_uart.o
    0x08001ccc   0x08001ccc   0x00000002   Code   RO          627    i.UsageFault_Handler  stm32f1xx_it.o
    0x08001cce   0x08001cce   0x00000002   PAD
    0x08001cd0   0x08001cd0   0x00000068   Code   RO         5248    i._DoInit           segger_rtt.o
    0x08001d38   0x08001d38   0x00000018   Code   RO         5249    i._GetAvailWriteSpace  segger_rtt.o
    0x08001d50   0x08001d50   0x000000d8   Code   RO         5418    i._PrintInt         segger_rtt_printf.o
    0x08001e28   0x08001e28   0x000000d8   Code   RO         5419    i._PrintUnsigned    segger_rtt_printf.o
    0x08001f00   0x08001f00   0x0000003e   Code   RO         5420    i._StoreChar        segger_rtt_printf.o
    0x08001f3e   0x08001f3e   0x0000005c   Code   RO         5251    i._WriteBlocking    segger_rtt.o
    0x08001f9a   0x08001f9a   0x00000044   Code   RO         5252    i._WriteNoCheck     segger_rtt.o
    0x08001fde   0x08001fde   0x00000002   PAD
    0x08001fe0   0x08001fe0   0x00000020   Code   RO         5702    i.__0printf         mc_w.l(printfa.o)
    0x08002000   0x08002000   0x00000028   Code   RO         5704    i.__0sprintf        mc_w.l(printfa.o)
    0x08002028   0x08002028   0x00000020   Code   RO         1279    i.__NVIC_SetPriority  stm32f1xx_hal_cortex.o
    0x08002048   0x08002048   0x0000000e   Code   RO         5770    i.__scatterload_copy  mc_w.l(handlers.o)
    0x08002056   0x08002056   0x00000002   Code   RO         5771    i.__scatterload_null  mc_w.l(handlers.o)
    0x08002058   0x08002058   0x0000000e   Code   RO         5772    i.__scatterload_zeroinit  mc_w.l(handlers.o)
    0x08002066   0x08002066   0x00000002   PAD
    0x08002068   0x08002068   0x00000184   Code   RO         5709    i._fp_digits        mc_w.l(printfa.o)
    0x080021ec   0x080021ec   0x000006dc   Code   RO         5710    i._printf_core      mc_w.l(printfa.o)
    0x080028c8   0x080028c8   0x00000024   Code   RO         5711    i._printf_post_padding  mc_w.l(printfa.o)
    0x080028ec   0x080028ec   0x0000002e   Code   RO         5712    i._printf_pre_padding  mc_w.l(printfa.o)
    0x0800291a   0x0800291a   0x0000000a   Code   RO         5714    i._sputc            mc_w.l(printfa.o)
    0x08002924   0x08002924   0x00000018   Code   RO          576    i.fputc             usart.o
    0x0800293c   0x0800293c   0x00000010   Code   RO         4464    i.inHandlerMode     cmsis_os.o
    0x0800294c   0x0800294c   0x00000040   Code   RO          199    i.main              main.o
    0x0800298c   0x0800298c   0x0000000c   Code   RO         4466    i.makeFreeRtosPriority  cmsis_os.o
    0x08002998   0x08002998   0x00000010   Code   RO         4468    i.osDelay           cmsis_os.o
    0x080029a8   0x080029a8   0x0000000a   Code   RO         4471    i.osKernelStart     cmsis_os.o
    0x080029b2   0x080029b2   0x00000058   Code   RO         4505    i.osThreadCreate    cmsis_os.o
    0x08002a0a   0x08002a0a   0x00000002   PAD
    0x08002a0c   0x08002a0c   0x0000003c   Code   RO         4516    i.osTimerCreate     cmsis_os.o
    0x08002a48   0x08002a48   0x00000064   Code   RO         4518    i.osTimerStart      cmsis_os.o
    0x08002aac   0x08002aac   0x00000048   Code   RO          455    i.printTask         freertos.o
    0x08002af4   0x08002af4   0x00000070   Code   RO         3985    i.prvAddCurrentTaskToDelayedList  tasks.o
    0x08002b64   0x08002b64   0x00000088   Code   RO         3986    i.prvAddNewTaskToReadyList  tasks.o
    0x08002bec   0x08002bec   0x00000058   Code   RO         4310    i.prvCheckForValidListAndQueue  timers.o
    0x08002c44   0x08002c44   0x0000003c   Code   RO         3987    i.prvCheckTasksWaitingTermination  tasks.o
    0x08002c80   0x08002c80   0x00000028   Code   RO         3645    i.prvCopyDataFromQueue  queue.o
    0x08002ca8   0x08002ca8   0x0000006e   Code   RO         3646    i.prvCopyDataToQueue  queue.o
    0x08002d16   0x08002d16   0x00000040   Code   RO         3988    i.prvDeleteTCB      tasks.o
    0x08002d56   0x08002d56   0x00000002   PAD
    0x08002d58   0x08002d58   0x00000024   Code   RO         4311    i.prvGetNextExpireTime  timers.o
    0x08002d7c   0x08002d7c   0x0000004c   Code   RO         4833    i.prvHeapInit       heap_4.o
    0x08002dc8   0x08002dc8   0x00000028   Code   RO         3989    i.prvIdleTask       tasks.o
    0x08002df0   0x08002df0   0x00000018   Code   RO         3649    i.prvInitialiseNewQueue  queue.o
    0x08002e08   0x08002e08   0x00000094   Code   RO         3990    i.prvInitialiseNewTask  tasks.o
    0x08002e9c   0x08002e9c   0x00000050   Code   RO         4312    i.prvInitialiseNewTimer  timers.o
    0x08002eec   0x08002eec   0x00000058   Code   RO         3991    i.prvInitialiseTaskLists  tasks.o
    0x08002f44   0x08002f44   0x00000054   Code   RO         4834    i.prvInsertBlockIntoFreeList  heap_4.o
    0x08002f98   0x08002f98   0x00000040   Code   RO         4313    i.prvInsertTimerInActiveList  timers.o
    0x08002fd8   0x08002fd8   0x0000001a   Code   RO         3650    i.prvIsQueueEmpty   queue.o
    0x08002ff2   0x08002ff2   0x0000001e   Code   RO         3651    i.prvIsQueueFull    queue.o
    0x08003010   0x08003010   0x00000068   Code   RO         4314    i.prvProcessExpiredTimer  timers.o
    0x08003078   0x08003078   0x000000f0   Code   RO         4315    i.prvProcessReceivedCommands  timers.o
    0x08003168   0x08003168   0x0000006c   Code   RO         4316    i.prvProcessTimerOrBlockTask  timers.o
    0x080031d4   0x080031d4   0x00000024   Code   RO         3992    i.prvResetNextTaskUnblockTime  tasks.o
    0x080031f8   0x080031f8   0x0000002c   Code   RO         4317    i.prvSampleTimeNow  timers.o
    0x08003224   0x08003224   0x00000070   Code   RO         4318    i.prvSwitchTimerLists  timers.o
    0x08003294   0x08003294   0x0000002c   Code   RO         4890    i.prvTaskExitError  port.o
    0x080032c0   0x080032c0   0x00000014   Code   RO         4319    i.prvTimerTask      timers.o
    0x080032d4   0x080032d4   0x0000006a   Code   RO         3652    i.prvUnlockQueue    queue.o
    0x0800333e   0x0800333e   0x00000002   PAD
    0x08003340   0x08003340   0x000000dc   Code   RO         4835    i.pvPortMalloc      heap_4.o
    0x0800341c   0x0800341c   0x0000001c   Code   RO         4891    i.pxPortInitialiseStack  port.o
    0x08003438   0x08003438   0x00000026   Code   RO         3605    i.uxListRemove      list.o
    0x0800345e   0x0800345e   0x00000002   PAD
    0x08003460   0x08003460   0x00000014   Code   RO          456    i.vApplicationGetIdleTaskMemory  freertos.o
    0x08003474   0x08003474   0x00000018   Code   RO          457    i.vApplicationGetTimerTaskMemory  freertos.o
    0x0800348c   0x0800348c   0x00000016   Code   RO         3606    i.vListInitialise   list.o
    0x080034a2   0x080034a2   0x00000006   Code   RO         3607    i.vListInitialiseItem  list.o
    0x080034a8   0x080034a8   0x00000030   Code   RO         3608    i.vListInsert       list.o
    0x080034d8   0x080034d8   0x00000018   Code   RO         3609    i.vListInsertEnd    list.o
    0x080034f0   0x080034f0   0x00000040   Code   RO         4893    i.vPortEnterCritical  port.o
    0x08003530   0x08003530   0x0000002c   Code   RO         4894    i.vPortExitCritical  port.o
    0x0800355c   0x0800355c   0x00000064   Code   RO         4836    i.vPortFree         heap_4.o
    0x080035c0   0x080035c0   0x00000024   Code   RO         4895    i.vPortSetupTimerInterrupt  port.o
    0x080035e4   0x080035e4   0x00000054   Code   RO         4896    i.vPortValidateInterruptPriority  port.o
    0x08003638   0x08003638   0x00000024   Code   RO         3656    i.vQueueAddToRegistry  queue.o
    0x0800365c   0x0800365c   0x00000046   Code   RO         3659    i.vQueueWaitForMessageRestricted  queue.o
    0x080036a2   0x080036a2   0x00000002   PAD
    0x080036a4   0x080036a4   0x00000050   Code   RO         4001    i.vTaskDelay        tasks.o
    0x080036f4   0x080036f4   0x00000010   Code   RO         4004    i.vTaskInternalSetTimeOutState  tasks.o
    0x08003704   0x08003704   0x0000000c   Code   RO         4005    i.vTaskMissedYield  tasks.o
    0x08003710   0x08003710   0x00000034   Code   RO         4007    i.vTaskPlaceOnEventList  tasks.o
    0x08003744   0x08003744   0x0000003c   Code   RO         4008    i.vTaskPlaceOnEventListRestricted  tasks.o
    0x08003780   0x08003780   0x00000090   Code   RO         4015    i.vTaskStartScheduler  tasks.o
    0x08003810   0x08003810   0x00000010   Code   RO         4017    i.vTaskSuspendAll   tasks.o
    0x08003820   0x08003820   0x00000060   Code   RO         4018    i.vTaskSwitchContext  tasks.o
    0x08003880   0x08003880   0x000000a8   Code   RO         4897    i.xPortStartScheduler  port.o
    0x08003928   0x08003928   0x00000044   Code   RO         3662    i.xQueueGenericCreate  queue.o
    0x0800396c   0x0800396c   0x0000006c   Code   RO         3663    i.xQueueGenericCreateStatic  queue.o
    0x080039d8   0x080039d8   0x0000008c   Code   RO         3664    i.xQueueGenericReset  queue.o
    0x08003a64   0x08003a64   0x00000164   Code   RO         3665    i.xQueueGenericSend  queue.o
    0x08003bc8   0x08003bc8   0x000000c0   Code   RO         3666    i.xQueueGenericSendFromISR  queue.o
    0x08003c88   0x08003c88   0x0000013c   Code   RO         3672    i.xQueueReceive     queue.o
    0x08003dc4   0x08003dc4   0x0000007c   Code   RO         4020    i.xTaskCheckForTimeOut  tasks.o
    0x08003e40   0x08003e40   0x00000064   Code   RO         4021    i.xTaskCreate       tasks.o
    0x08003ea4   0x08003ea4   0x0000005c   Code   RO         4022    i.xTaskCreateStatic  tasks.o
    0x08003f00   0x08003f00   0x0000001c   Code   RO         4026    i.xTaskGetSchedulerState  tasks.o
    0x08003f1c   0x08003f1c   0x0000000c   Code   RO         4027    i.xTaskGetTickCount  tasks.o
    0x08003f28   0x08003f28   0x000000d0   Code   RO         4029    i.xTaskIncrementTick  tasks.o
    0x08003ff8   0x08003ff8   0x00000098   Code   RO         4032    i.xTaskPriorityDisinherit  tasks.o
    0x08004090   0x08004090   0x0000007c   Code   RO         4034    i.xTaskRemoveFromEventList  tasks.o
    0x0800410c   0x0800410c   0x000000cc   Code   RO         4035    i.xTaskResumeAll    tasks.o
    0x080041d8   0x080041d8   0x00000034   Code   RO         4324    i.xTimerCreate      timers.o
    0x0800420c   0x0800420c   0x00000034   Code   RO         4325    i.xTimerCreateStatic  timers.o
    0x08004240   0x08004240   0x00000068   Code   RO         4326    i.xTimerCreateTimerTask  timers.o
    0x080042a8   0x080042a8   0x00000068   Code   RO         4327    i.xTimerGenericCommand  timers.o
    0x08004310   0x08004310   0x0000005c   Data   RO          460    .constdata          freertos.o
    0x0800436c   0x0800436c   0x00000012   Data   RO          973    .constdata          stm32f1xx_hal_rcc.o
    0x0800437e   0x0800437e   0x00000010   Data   RO         3468    .constdata          system_stm32f1xx.o
    0x0800438e   0x0800438e   0x00000008   Data   RO         3469    .constdata          system_stm32f1xx.o
    0x08004396   0x08004396   0x00000010   Data   RO         5421    .constdata          segger_rtt_printf.o
    0x080043a6   0x080043a6   0x00000002   PAD
    0x080043a8   0x080043a8   0x00000024   Data   RO          461    .conststring        freertos.o
    0x080043cc   0x080043cc   0x00000020   Data   RO         5768    Region$$Table       anon$$obj.o


    Execution Region RW_IRAM1 (Exec base: 0x20000000, Load base: 0x080043ec, Size: 0x00001f58, Max: 0x00002800, ABSOLUTE)

    Exec Addr    Load Addr    Size         Type   Attr      Idx    E Section Name        Object

    0x20000000   0x080043ec   0x00000014   Data   RW          462    .data               freertos.o
    0x20000014   0x08004400   0x0000000c   Data   RW          809    .data               stm32f1xx_hal.o
    0x20000020   0x0800440c   0x00000004   Data   RW         3470    .data               system_stm32f1xx.o
    0x20000024   0x08004410   0x0000003c   Data   RW         4038    .data               tasks.o
    0x20000060   0x0800444c   0x00000014   Data   RW         4333    .data               timers.o
    0x20000074   0x08004460   0x00000020   Data   RW         4842    .data               heap_4.o
    0x20000094   0x08004480   0x0000000c   Data   RW         4898    .data               port.o
    0x200000a0   0x0800448c   0x00000004   Data   RW         5744    .data               mc_w.l(stdout.o)
    0x200000a4        -       0x000006f8   Zero   RW          459    .bss                freertos.o
    0x2000079c        -       0x00000058   Zero   RW          534    .bss                spi.o
    0x200007f4        -       0x00000048   Zero   RW          577    .bss                usart.o
    0x2000083c        -       0x00000048   Zero   RW          712    .bss                stm32f1xx_hal_timebase_tim.o
    0x20000884        -       0x00000040   Zero   RW         3675    .bss                queue.o
    0x200008c4        -       0x000000f0   Zero   RW         4037    .bss                tasks.o
    0x200009b4        -       0x000000e8   Zero   RW         4332    .bss                timers.o
    0x20000a9c        -       0x00000c00   Zero   RW         4841    .bss                heap_4.o
    0x2000169c        -       0x000004b8   Zero   RW         5253    .bss                segger_rtt.o
    0x20001b54   0x08004490   0x00000004   PAD
    0x20001b58        -       0x00000400   Zero   RW            1    STACK               startup_stm32f103x6.o


==============================================================================

Image component sizes


      Code (inc. data)   RO Data    RW Data    ZI Data      Debug   Object Name

       302          8          0          0          0      28466   cmsis_os.o
         0          0          0          0          0      19988   event_groups.o
       476        156        128         20       1784       5065   freertos.o
       148         12          0          0          0        871   gpio.o
       480         26          0         32       3072       4727   heap_4.o
       138          0          0          0          0       3250   list.o
       182         28          0          0          0      42756   main.o
       662         70          0         12          0      10837   port.o
      1622         20          0          0         64      17794   queue.o
       456         38          0          0       1208       8576   segger_rtt.o
       932          6         16          0          0       5981   segger_rtt_printf.o
       184         24          0          0         88       1545   spi.o
        36          8        236          0       1024        776   startup_stm32f103x6.o
        64         14          0         12          0       4134   stm32f1xx_hal.o
       158         14          0          0          0      28126   stm32f1xx_hal_cortex.o
       510         30          0          0          0       3301   stm32f1xx_hal_gpio.o
        72         10          0          0          0        842   stm32f1xx_hal_msp.o
      1488         98         18          0          0       6977   stm32f1xx_hal_rcc.o
       180          0          0          0          0       1111   stm32f1xx_hal_spi.o
       592         18          0          0          0       6082   stm32f1xx_hal_tim.o
         4          0          0          0          0       1465   stm32f1xx_hal_tim_ex.o
       140         22          0          0         72       1375   stm32f1xx_hal_timebase_tim.o
       654          6          0          0          0       4348   stm32f1xx_hal_uart.o
        24          6          0          0          0       2838   stm32f1xx_it.o
         0          0          0          0          0        392   stream_buffer.o
         2          0         24          4          0       1035   system_stm32f1xx.o
      2204        174          0         60        240      26446   tasks.o
      1208         92          0         20        232      33267   timers.o
       192         24          0          0         72       2010   usart.o
         0          0          0          0          0     424580   w25qxx.o

    ----------------------------------------------------------------------
     13140        904        456        160       7860     698961   Object Totals
         0          0         32          0          0          0   (incl. Generated)
        30          0          2          0          4          0   (incl. Padding)

    ----------------------------------------------------------------------

      Code (inc. data)   RO Data    RW Data    ZI Data      Debug   Library Member Name

         0          0          0          0          0          0   entry.o
         0          0          0          0          0          0   entry10a.o
         0          0          0          0          0          0   entry11a.o
         8          4          0          0          0          0   entry2.o
         4          0          0          0          0          0   entry5.o
         0          0          0          0          0          0   entry7b.o
         0          0          0          0          0          0   entry8b.o
         8          4          0          0          0          0   entry9a.o
        30          0          0          0          0          0   handlers.o
        36          8          0          0          0         68   init.o
         0          0          0          0          0          0   iusefp.o
        30          0          0          0          0         68   llshl.o
        36          0          0          0          0         68   llsshr.o
        32          0          0          0          0         68   llushr.o
        36          0          0          0          0         68   memcpya.o
        36          0          0          0          0        108   memseta.o
      2308         96          0          0          0        604   printfa.o
         0          0          0          4          0          0   stdout.o
        18          0          0          0          0         68   strcpy.o
        44          0          0          0          0         80   uidiv.o
        98          0          0          0          0         92   uldiv.o
        48          0          0          0          0         68   cdrcmple.o
       334          0          0          0          0        148   dadd.o
       222          0          0          0          0        100   ddiv.o
       186          0          0          0          0        176   depilogue.o
        48          0          0          0          0         68   dfixul.o
       228          0          0          0          0         96   dmul.o

    ----------------------------------------------------------------------
      3792        112          0          4          0       1948   Library Totals
         2          0          0          0          0          0   (incl. Padding)

    ----------------------------------------------------------------------

      Code (inc. data)   RO Data    RW Data    ZI Data      Debug   Library Name

      2724        112          0          4          0       1292   mc_w.l
      1066          0          0          0          0        656   mf_w.l

    ----------------------------------------------------------------------
      3792        112          0          4          0       1948   Library Totals

    ----------------------------------------------------------------------

==============================================================================


      Code (inc. data)   RO Data    RW Data    ZI Data      Debug   

     16932       1016        456        164       7860     692325   Grand Totals
     16932       1016        456        164       7860     692325   ELF Image Totals
     16932       1016        456        164          0          0   ROM Totals

==============================================================================

    Total RO  Size (Code + RO Data)                17388 (  16.98kB)
    Total RW  Size (RW Data + ZI Data)              8024 (   7.84kB)
    Total ROM Size (Code + RO Data + RW Data)      17552 (  17.14kB)

==============================================================================

