<html>
<body>
<pre>
<h1>µVision Build Log</h1>
<h2>Tool Versions:</h2>
IDE-Version: ¦ÌVision V5.31.0.0
Copyright (C) 2020 ARM Ltd and ARM Germany GmbH. All rights reserved.
License Information: 1 ss, 1, LIC=DSNXV-PHAPQ-VJA6J-UYYKA-HLE21-9ZCPI
 
Tool Versions:
Toolchain:       MDK-ARM Professional  Version: 5.31.0.0
Toolchain Path:  C:\Keil_v5\ARM\ARMCC\Bin
C Compiler:      Armcc.exe V5.06 update 6 (build 750)
Assembler:       Armasm.exe V5.06 update 6 (build 750)
Linker/Locator:  ArmLink.exe V5.06 update 6 (build 750)
Library Manager: ArmAr.exe V5.06 update 6 (build 750)
Hex Converter:   FromElf.exe V5.06 update 6 (build 750)
CPU DLL:         SARMCM3.DLL V5.31.0.0
Dialog DLL:      DCM.DLL V1.17.3.0
Target DLL:      CMSIS_AGDI.dll V1.32.6.0
Dialog DLL:      TCM.DLL V1.46.0.0
 
<h2>Project:</h2>
c:\Users\ss\Desktop\c6t6\MDK-ARM\c6t6.uvprojx
Project File Date:  05/17/2025

<h2>Output:</h2>
*** Using Compiler 'V5.06 update 6 (build 750)', folder: 'C:\Keil_v5\ARM\ARMCC\Bin'
Build target 'c6t6'
compiling W25Qxx.c...
../Core/Inc/W25Qxx.h(95): warning:  #1-D: last line of file ends without a newline
  #endif 
..\Core\Src\W25Qxx.c(259): warning:  #1-D: last line of file ends without a newline
   
..\Core\Src\W25Qxx.c: 2 warnings, 0 errors
compiling sfud_port.c...
..\Middlewares\Third_Party\SFUD\sfud\port\sfud_port.c(46): warning:  #177-D: variable "send_data"  was declared but never referenced
      uint8_t send_data, read_data;
..\Middlewares\Third_Party\SFUD\sfud\port\sfud_port.c(46): warning:  #177-D: variable "read_data"  was declared but never referenced
      uint8_t send_data, read_data;
..\Middlewares\Third_Party\SFUD\sfud\port\sfud_port.c(67): warning:  #177-D: function "qspi_read"  was declared but never referenced
  static sfud_err qspi_read(const struct __sfud_spi *spi, uint32_t addr, sfud_qspi_read_cmd_format *qspi_read_cmd_format,
..\Middlewares\Third_Party\SFUD\sfud\port\sfud_port.c: 3 warnings, 0 errors
compiling main.c...
../Core/Inc/W25Qxx.h(95): warning:  #1-D: last line of file ends without a newline
  #endif 
../Core/Src/main.c: 1 warning, 0 errors
linking...
Program Size: Code=25276 RO-data=2948 RW-data=296 ZI-data=7168  
FromELF: creating hex file...
"c6t6\c6t6.axf" - 0 Error(s), 6 Warning(s).

<h2>Software Packages used:</h2>

Package Vendor: ARM
                http://www.keil.com/pack/ARM.CMSIS.5.7.0.pack
                ARM.CMSIS.5.7.0
                CMSIS (Cortex Microcontroller Software Interface Standard)
   * Component: CORE Version: 5.4.0

Package Vendor: Keil
                http://www.keil.com/pack/Keil.STM32F1xx_DFP.2.2.0.pack
                Keil.STM32F1xx_DFP.2.2.0
                STMicroelectronics STM32F1 Series Device Support, Drivers and Examples

<h2>Collection of Component include folders:</h2>
  .\RTE\_c6t6
  C:\Users\ss\AppData\Local\Arm\Packs\ARM\CMSIS\5.7.0\CMSIS\Core\Include
  C:\Users\ss\AppData\Local\Arm\Packs\Keil\STM32F1xx_DFP\2.2.0\Device\Include

<h2>Collection of Component Files used:</h2>

   * Component: ARM::CMSIS:CORE:5.4.0
      Include file:  CMSIS\Core\Include\tz_context.h
Build Time Elapsed:  00:00:05
</pre>
</body>
</html>
